Component: ARM Compiler 5.06 update 5 (build 528) Tool: armlink [4d35e2]

==============================================================================

Section Cross References

    main.o(i.main) refers to drv_bsp.o(i.All_Init) for All_Init
    main.o(i.main) refers to ano_scheduler.o(i.Scheduler_Setup) for Scheduler_Setup
    main.o(i.main) refers to ano_scheduler.o(i.Scheduler_Run) for Scheduler_Run
    ano_scheduler.o(i.Loop_50Hz) refers to user_task.o(i.UserTask_OneKeyCmd) for UserTask_OneKeyCmd
    ano_scheduler.o(i.Scheduler_Run) refers to drv_sys.o(i.GetSysRunTimeMs) for GetSysRunTimeMs
    ano_scheduler.o(i.Scheduler_Run) refers to ano_scheduler.o(.data) for sched_tasks
    ano_scheduler.o(i.Scheduler_Setup) refers to ano_scheduler.o(.data) for sched_tasks
    ano_scheduler.o(.data) refers to ano_scheduler.o(i.Loop_1000Hz) for Loop_1000Hz
    ano_scheduler.o(.data) refers to ano_scheduler.o(i.Loop_500Hz) for Loop_500Hz
    ano_scheduler.o(.data) refers to ano_scheduler.o(i.Loop_200Hz) for Loop_200Hz
    ano_scheduler.o(.data) refers to ano_scheduler.o(i.Loop_100Hz) for Loop_100Hz
    ano_scheduler.o(.data) refers to ano_scheduler.o(i.Loop_50Hz) for Loop_50Hz
    ano_scheduler.o(.data) refers to ano_scheduler.o(i.Loop_20Hz) for Loop_20Hz
    ano_scheduler.o(.data) refers to ano_scheduler.o(i.Loop_2Hz) for Loop_2Hz
    user_task.o(i.Mode_Chosen) refers to user_task.o(.data) for First_Position
    user_task.o(i.UserTask_OneKeyCmd) refers to drv_motor.o(i.Motor_DT_Transmit) for Motor_DT_Transmit
    user_task.o(i.UserTask_OneKeyCmd) refers to user_task.o(i.Mode_Chosen) for Mode_Chosen
    user_task.o(i.UserTask_OneKeyCmd) refers to lx_fc_fun.o(i.OneKey_Takeoff) for OneKey_Takeoff
    user_task.o(i.UserTask_OneKeyCmd) refers to lx_fc_fun.o(i.OneKey_Land) for OneKey_Land
    user_task.o(i.UserTask_OneKeyCmd) refers to lx_fc_fun.o(i.LX_Change_Mode) for LX_Change_Mode
    user_task.o(i.UserTask_OneKeyCmd) refers to lx_fc_fun.o(i.FC_Unlock) for FC_Unlock
    user_task.o(i.UserTask_OneKeyCmd) refers to drv_pid.o(i.PositionPID) for PositionPID
    user_task.o(i.UserTask_OneKeyCmd) refers to drv_laser.o(i.Laser_OnOff) for Laser_OnOff
    user_task.o(i.UserTask_OneKeyCmd) refers to drv_bsp.o(.bss) for rc_in
    user_task.o(i.UserTask_OneKeyCmd) refers to user_task.o(.data) for Task
    user_task.o(i.UserTask_OneKeyCmd) refers to drv_pid.o(i.AnglePID) for AnglePID
    ano_dt_lx.o(i.ANO_DT_Init) refers to ano_dt_lx.o(.bss) for dt
    ano_dt_lx.o(i.ANO_DT_LX_Data_Receive_Anl) refers to ano_dt_lx.o(i.CK_Back) for CK_Back
    ano_dt_lx.o(i.ANO_DT_LX_Data_Receive_Anl) refers to ano_dt_lx.o(i.PAR_Back) for PAR_Back
    ano_dt_lx.o(i.ANO_DT_LX_Data_Receive_Anl) refers to ano_lx.o(.bss) for pwm_to_esc
    ano_dt_lx.o(i.ANO_DT_LX_Data_Receive_Anl) refers to drv_led.o(.data) for led
    ano_dt_lx.o(i.ANO_DT_LX_Data_Receive_Anl) refers to lx_fc_state.o(.bss) for fc_sta
    ano_dt_lx.o(i.ANO_DT_LX_Data_Receive_Anl) refers to ano_lx.o(.data) for fc_vel
    ano_dt_lx.o(i.ANO_DT_LX_Data_Receive_Anl) refers to ano_dt_lx.o(.bss) for dt
    ano_dt_lx.o(i.ANO_DT_LX_Data_Receive_Prepare) refers to ano_dt_lx.o(i.ANO_DT_LX_Data_Receive_Anl) for ANO_DT_LX_Data_Receive_Anl
    ano_dt_lx.o(i.ANO_DT_LX_Data_Receive_Prepare) refers to ano_dt_lx.o(.data) for rxstate
    ano_dt_lx.o(i.ANO_DT_LX_Data_Receive_Prepare) refers to ano_dt_lx.o(.bss) for DT_RxBuffer
    ano_dt_lx.o(i.ANO_DT_LX_Send_Data) refers to drv_uart.o(i.DrvUart5SendBuf) for DrvUart5SendBuf
    ano_dt_lx.o(i.ANO_LX_Data_Exchange_Task) refers to ano_dt_lx.o(i.CK_Back_Check) for CK_Back_Check
    ano_dt_lx.o(i.ANO_LX_Data_Exchange_Task) refers to ano_dt_lx.o(i.Check_To_Send) for Check_To_Send
    ano_dt_lx.o(i.Add_Send_Data) refers to lx_fc_ext_sensor.o(.data) for fc_pos
    ano_dt_lx.o(i.Add_Send_Data) refers to ano_dt_lx.o(.bss) for dt
    ano_dt_lx.o(i.Add_Send_Data) refers to ano_lx.o(.data) for fc_bat
    ano_dt_lx.o(i.Add_Send_Data) refers to lx_fc_ext_sensor.o(.bss) for ext_sens
    ano_dt_lx.o(i.Add_Send_Data) refers to drv_bsp.o(.bss) for rc_in
    ano_dt_lx.o(i.Add_Send_Data) refers to ano_lx.o(.bss) for rt_tar
    ano_dt_lx.o(i.CK_Back) refers to ano_dt_lx.o(.bss) for dt
    ano_dt_lx.o(i.CK_Back_Check) refers to ano_dt_lx.o(.bss) for dt
    ano_dt_lx.o(i.CK_Back_Check) refers to ano_dt_lx.o(.data) for time_dly
    ano_dt_lx.o(i.CMD_Send) refers to ano_dt_lx.o(.bss) for dt
    ano_dt_lx.o(i.Check_To_Send) refers to ano_dt_lx.o(i.Frame_Send) for Frame_Send
    ano_dt_lx.o(i.Check_To_Send) refers to ano_dt_lx.o(.bss) for dt
    ano_dt_lx.o(i.Frame_Send) refers to ano_dt_lx.o(i.Add_Send_Data) for Add_Send_Data
    ano_dt_lx.o(i.Frame_Send) refers to ano_dt_lx.o(i.ANO_DT_LX_Send_Data) for ANO_DT_LX_Send_Data
    ano_dt_lx.o(i.Frame_Send) refers to ano_dt_lx.o(.bss) for send_buffer
    ano_dt_lx.o(i.PAR_Back) refers to ano_dt_lx.o(.bss) for dt
    ano_lx.o(i.ANO_LX_Task) refers to drv_bsp.o(i.DrvRcInputTask) for DrvRcInputTask
[...]
    ../clib/microlib/init/entry.s            0x00000000   Number         0  entry2.o ABSOLUTE
    ../clib/microlib/longlong.c              0x00000000   Number         0  llshl.o ABSOLUTE
    ../clib/microlib/longlong.c              0x00000000   Number         0  llsshr.o ABSOLUTE
    ../clib/microlib/longlong.c              0x00000000   Number         0  llushr.o ABSOLUTE
    ../clib/microlib/stubs.s                 0x00000000   Number         0  iusefp.o ABSOLUTE
    ../fplib/microlib/d2f.c                  0x00000000   Number         0  d2f.o ABSOLUTE
    ../fplib/microlib/fpadd.c                0x00000000   Number         0  dadd.o ABSOLUTE
    ../fplib/microlib/fpdiv.c                0x00000000   Number         0  ddiv.o ABSOLUTE
    ../fplib/microlib/fpepilogue.c           0x00000000   Number         0  depilogue.o ABSOLUTE
    ../fplib/microlib/fpepilogue.c           0x00000000   Number         0  fepilogue.o ABSOLUTE
    ../fplib/microlib/fpflt.c                0x00000000   Number         0  dfltui.o ABSOLUTE
    ../fplib/microlib/fpflt.c                0x00000000   Number         0  dflti.o ABSOLUTE
    ../fplib/microlib/fpmul.c                0x00000000   Number         0  dmul.o ABSOLUTE
    ..\DriversBsp\Ano_Math.c                 0x00000000   Number         0  ano_math.o ABSOLUTE
    ..\DriversBsp\Drv_AnoOf.c                0x00000000   Number         0  drv_anoof.o ABSOLUTE
    ..\DriversBsp\Drv_BSP.c                  0x00000000   Number         0  drv_bsp.o ABSOLUTE
    ..\DriversBsp\Drv_KeyBoard.c             0x00000000   Number         0  drv_keyboard.o ABSOLUTE
    ..\DriversBsp\Drv_Laser.c                0x00000000   Number         0  drv_laser.o ABSOLUTE
    ..\DriversBsp\Drv_Motor.c                0x00000000   Number         0  drv_motor.o ABSOLUTE
    ..\DriversBsp\Drv_PID.c                  0x00000000   Number         0  drv_pid.o ABSOLUTE
    ..\DriversBsp\Drv_UWBDT.c                0x00000000   Number         0  drv_uwbdt.o ABSOLUTE
    ..\DriversBsp\Drv_UbloxGPS.c             0x00000000   Number         0  drv_ubloxgps.o ABSOLUTE
    ..\DriversMcu\TM4C123\Drivers\Drv_Adc.c  0x00000000   Number         0  drv_adc.o ABSOLUTE
    ..\DriversMcu\TM4C123\Drivers\Drv_Led.c  0x00000000   Number         0  drv_led.o ABSOLUTE
    ..\DriversMcu\TM4C123\Drivers\Drv_PwmOut.c 0x00000000   Number         0  drv_pwmout.o ABSOLUTE
    ..\DriversMcu\TM4C123\Drivers\Drv_RcIn.c 0x00000000   Number         0  drv_rcin.o ABSOLUTE
    ..\DriversMcu\TM4C123\Drivers\Drv_Sys.c  0x00000000   Number         0  drv_sys.o ABSOLUTE
    ..\DriversMcu\TM4C123\Drivers\Drv_Timer.c 0x00000000   Number         0  drv_timer.o ABSOLUTE
    ..\DriversMcu\TM4C123\Drivers\Drv_Uart.c 0x00000000   Number         0  drv_uart.o ABSOLUTE
    ..\DriversMcu\TM4C123\Drivers\Drv_Usb.c  0x00000000   Number         0  drv_usb.o ABSOLUTE
    ..\DriversMcu\TM4C123\Libraries\src\startup_TM4C123.s 0x00000000   Number         0  startup_tm4c123.o ABSOLUTE
    ..\DriversMcu\TM4C123\Libraries\src\system_TM4C123.c 0x00000000   Number         0  system_tm4c123.o ABSOLUTE
    ..\DriversMcu\TM4C123\Libraries\src\usb_serial_structs.c 0x00000000   Number         0  usb_serial_structs.o ABSOLUTE
    ..\FcSrc\ANO_DT_LX.c                     0x00000000   Number         0  ano_dt_lx.o ABSOLUTE
    ..\FcSrc\ANO_LX.c                        0x00000000   Number         0  ano_lx.o ABSOLUTE
    ..\FcSrc\Ano_Scheduler.c                 0x00000000   Number         0  ano_scheduler.o ABSOLUTE
    ..\FcSrc\LX_FC_EXT_Sensor.c              0x00000000   Number         0  lx_fc_ext_sensor.o ABSOLUTE
    ..\FcSrc\LX_FC_Fun.c                     0x00000000   Number         0  lx_fc_fun.o ABSOLUTE
    ..\FcSrc\LX_FC_State.c                   0x00000000   Number         0  lx_fc_state.o ABSOLUTE
    ..\FcSrc\User_Task.c                     0x00000000   Number         0  user_task.o ABSOLUTE
    ..\FcSrc\main.c                          0x00000000   Number         0  main.o ABSOLUTE
    ..\\DriversBsp\\Ano_Math.c               0x00000000   Number         0  ano_math.o ABSOLUTE
    ..\\DriversBsp\\Drv_AnoOf.c              0x00000000   Number         0  drv_anoof.o ABSOLUTE
    ..\\DriversBsp\\Drv_BSP.c                0x00000000   Number         0  drv_bsp.o ABSOLUTE
    ..\\DriversBsp\\Drv_KeyBoard.c           0x00000000   Number         0  drv_keyboard.o ABSOLUTE
    ..\\DriversBsp\\Drv_Laser.c              0x00000000   Number         0  drv_laser.o ABSOLUTE
    ..\\DriversBsp\\Drv_Motor.c              0x00000000   Number         0  drv_motor.o ABSOLUTE
    ..\\DriversBsp\\Drv_PID.c                0x00000000   Number         0  drv_pid.o ABSOLUTE
    ..\\DriversBsp\\Drv_UWBDT.c              0x00000000   Number         0  drv_uwbdt.o ABSOLUTE
    ..\\DriversBsp\\Drv_UbloxGPS.c           0x00000000   Number         0  drv_ubloxgps.o ABSOLUTE
    ..\\DriversMcu\\TM4C123\\Drivers\\Drv_Adc.c 0x00000000   Number         0  drv_adc.o ABSOLUTE
    ..\\DriversMcu\\TM4C123\\Drivers\\Drv_Led.c 0x00000000   Number         0  drv_led.o ABSOLUTE
    ..\\DriversMcu\\TM4C123\\Drivers\\Drv_PwmOut.c 0x00000000   Number         0  drv_pwmout.o ABSOLUTE
    ..\\DriversMcu\\TM4C123\\Drivers\\Drv_RcIn.c 0x00000000   Number         0  drv_rcin.o ABSOLUTE
    ..\\DriversMcu\\TM4C123\\Drivers\\Drv_Sys.c 0x00000000   Number         0  drv_sys.o ABSOLUTE
    ..\\DriversMcu\\TM4C123\\Drivers\\Drv_Timer.c 0x00000000   Number         0  drv_timer.o ABSOLUTE
    ..\\DriversMcu\\TM4C123\\Drivers\\Drv_Uart.c 0x00000000   Number         0  drv_uart.o ABSOLUTE
    ..\\DriversMcu\\TM4C123\\Drivers\\Drv_Usb.c 0x00000000   Number         0  drv_usb.o ABSOLUTE
    ..\\DriversMcu\\TM4C123\\Libraries\\src\\system_TM4C123.c 0x00000000   Number         0  system_tm4c123.o ABSOLUTE
    ..\\FcSrc\\ANO_DT_LX.c                   0x00000000   Number         0  ano_dt_lx.o ABSOLUTE
    ..\\FcSrc\\ANO_LX.c                      0x00000000   Number         0  ano_lx.o ABSOLUTE
    ..\\FcSrc\\Ano_Scheduler.c               0x00000000   Number         0  ano_scheduler.o ABSOLUTE
    ..\\FcSrc\\LX_FC_EXT_Sensor.c            0x00000000   Number         0  lx_fc_ext_sensor.o ABSOLUTE
    ..\\FcSrc\\LX_FC_Fun.c                   0x00000000   Number         0  lx_fc_fun.o ABSOLUTE
    ..\\FcSrc\\LX_FC_State.c                 0x00000000   Number         0  lx_fc_state.o ABSOLUTE
    ..\\FcSrc\\User_Task.c                   0x00000000   Number         0  user_task.o ABSOLUTE
    ..\\FcSrc\\main.c                        0x00000000   Number         0  main.o ABSOLUTE
    adc.c                                    0x00000000   Number         0  adc.o ABSOLUTE
    cdcmple.s                                0x00000000   Number         0  cdcmple.o ABSOLUTE
    cdrcmple.s                               0x00000000   Number         0  cdrcmple.o ABSOLUTE
    cpu.c                                    0x00000000   Number         0  cpu.o ABSOLUTE
    cpu.c                                    0x00000000   Number         0  cpu.o ABSOLUTE
    dc.s                                     0x00000000   Number         0  dc.o ABSOLUTE
    device\usbdcdc.c                         0x00000000   Number         0  usbdcdc.o ABSOLUTE
    device\usbdcdesc.c                       0x00000000   Number         0  usbdcdesc.o ABSOLUTE
    device\usbdconfig.c                      0x00000000   Number         0  usbdconfig.o ABSOLUTE
    device\usbdenum.c                        0x00000000   Number         0  usbdenum.o ABSOLUTE
    device\usbdhandler.c                     0x00000000   Number         0  usbdhandler.o ABSOLUTE
    handlers.s                               0x00000000   Number         0  handlers.o ABSOLUTE
    host\usbhhub.c                           0x00000000   Number         0  usbhhub.o ABSOLUTE
    host\usbhostenum.c                       0x00000000   Number         0  usbhostenum.o ABSOLUTE
    init.s                                   0x00000000   Number         0  init.o ABSOLUTE
    interrupt.c                              0x00000000   Number         0  interrupt.o ABSOLUTE
    sysctl.c                                 0x00000000   Number         0  sysctl.o ABSOLUTE
    sysctl.c                                 0x00000000   Number         0  sysctl.o ABSOLUTE
    timer.c                                  0x00000000   Number         0  timer.o ABSOLUTE
    uart.c                                   0x00000000   Number         0  uart.o ABSOLUTE
    udma.c                                   0x00000000   Number         0  udma.o ABSOLUTE
    usb.c                                    0x00000000   Number         0  usb.o ABSOLUTE
    usbbuffer.c                              0x00000000   Number         0  usbbuffer.o ABSOLUTE
    usbdesc.c                                0x00000000   Number         0  usbdesc.o ABSOLUTE
    usbdma.c                                 0x00000000   Number         0  usbdma.o ABSOLUTE
    usbmode.c                                0x00000000   Number         0  usbmode.o ABSOLUTE
    usbringbuf.c                             0x00000000   Number         0  usbringbuf.o ABSOLUTE
    usbtick.c                                0x00000000   Number         0  usbtick.o ABSOLUTE
    usbulpi.c                                0x00000000   Number         0  usbulpi.o ABSOLUTE
    .ARM.Collect$$$$00000000                 0x0000026c   Section        0  entry.o(.ARM.Collect$$$$00000000)
    .ARM.Collect$$$$00000001                 0x0000026c   Section        4  entry2.o(.ARM.Collect$$$$00000001)
    .ARM.Collect$$$$00000004                 0x00000270   Section        4  entry5.o(.ARM.Collect$$$$00000004)
    .ARM.Collect$$$$00000008                 0x00000274   Section        0  entry7b.o(.ARM.Collect$$$$00000008)
    .ARM.Collect$$$$0000000A                 0x00000274   Section        0  entry8b.o(.ARM.Collect$$$$0000000A)
    .ARM.Collect$$$$0000000B                 0x00000274   Section        8  entry9a.o(.ARM.Collect$$$$0000000B)
    .ARM.Collect$$$$0000000D                 0x0000027c   Section        0  entry10a.o(.ARM.Collect$$$$0000000D)
    .ARM.Collect$$$$0000000F                 0x0000027c   Section        0  entry11a.o(.ARM.Collect$$$$0000000F)
    .ARM.Collect$$$$00002712                 0x0000027c   Section        4  entry2.o(.ARM.Collect$$$$00002712)
    __lit__00000000                          0x0000027c   Data           4  entry2.o(.ARM.Collect$$$$00002712)
    .text                                    0x00000280   Section      252  startup_tm4c123.o(.text)
    $v0                                      0x00000280   Number         0  startup_tm4c123.o(.text)
    .text                                    0x0000037c   Section        0  dmul.o(.text)
    .text                                    0x00000460   Section        0  ddiv.o(.text)
    .text                                    0x0000053e   Section        0  dfltui.o(.text)
    .text                                    0x00000558   Section        0  d2f.o(.text)
    .text                                    0x00000590   Section        0  llshl.o(.text)
    .text                                    0x000005ae   Section        0  fepilogue.o(.text)
    .text                                    0x000005ae   Section        0  iusefp.o(.text)
    .text                                    0x0000061c   Section        0  depilogue.o(.text)
    .text                                    0x000006d8   Section       36  init.o(.text)
    .text                                    0x000006fc   Section        0  llushr.o(.text)
    .text                                    0x0000071c   Section        0  __dczerorl2.o(.text)
    i.ADC0Handler                            0x00000774   Section        0  drv_adc.o(i.ADC0Handler)
    ADC0Handler                              0x00000775   Thumb Code    34  drv_adc.o(i.ADC0Handler)
    i.ADCIntRegister                         0x000007a0   Section        0  adc.o(i.ADCIntRegister)
    i.ANO_DT_Init                            0x00000808   Section        0  ano_dt_lx.o(i.ANO_DT_Init)
    i.ANO_DT_LX_Data_Receive_Anl             0x000008dc   Section        0  ano_dt_lx.o(i.ANO_DT_LX_Data_Receive_Anl)
    ANO_DT_LX_Data_Receive_Anl               0x000008dd   Thumb Code   486  ano_dt_lx.o(i.ANO_DT_LX_Data_Receive_Anl)
    i.ANO_DT_LX_Data_Receive_Prepare         0x00000ae0   Section        0  ano_dt_lx.o(i.ANO_DT_LX_Data_Receive_Prepare)
    i.ANO_DT_LX_Send_Data                    0x00000bf8   Section        0  ano_dt_lx.o(i.ANO_DT_LX_Send_Data)
    ANO_DT_LX_Send_Data                      0x00000bf9   Thumb Code    16  ano_dt_lx.o(i.ANO_DT_LX_Send_Data)
    i.ANO_LX_Data_Exchange_Task              0x00000c08   Section        0  ano_dt_lx.o(i.ANO_LX_Data_Exchange_Task)
    i.ANO_LX_Task                            0x00000c58   Section        0  ano_lx.o(i.ANO_LX_Task)
    i.Add_Send_Data                          0x00000cf4   Section        0  ano_dt_lx.o(i.Add_Send_Data)
    Add_Send_Data                            0x00000cf5   Thumb Code   462  ano_dt_lx.o(i.Add_Send_Data)
    i.All_Init                               0x00000ee4   Section        0  drv_bsp.o(i.All_Init)
    i.AnglePID                               0x00000f50   Section        0  drv_pid.o(i.AnglePID)
    i.AnoOF_Check_State                      0x000010c0   Section        0  drv_anoof.o(i.AnoOF_Check_State)
    i.AnoOF_DataAnl                          0x00001180   Section        0  drv_anoof.o(i.AnoOF_DataAnl)
    AnoOF_DataAnl                            0x00001181   Thumb Code   364  drv_anoof.o(i.AnoOF_DataAnl)
    i.AnoOF_GetOneByte                       0x000012fc   Section        0  drv_anoof.o(i.AnoOF_GetOneByte)
    i.Bat_Voltage_Data_Handle                0x00001408   Section        0  ano_lx.o(i.Bat_Voltage_Data_Handle)
    Bat_Voltage_Data_Handle                  0x00001409   Thumb Code    28  ano_lx.o(i.Bat_Voltage_Data_Handle)
    i.CK_Back                                0x0000142c   Section        0  ano_dt_lx.o(i.CK_Back)
    i.CK_Back_Check                          0x0000143c   Section        0  ano_dt_lx.o(i.CK_Back_Check)
    CK_Back_Check                            0x0000143d   Thumb Code    90  ano_dt_lx.o(i.CK_Back_Check)
    i.CMD_Send                               0x000014a4   Section        0  ano_dt_lx.o(i.CMD_Send)
    i.Check_To_Send                          0x000014c0   Section        0  ano_dt_lx.o(i.Check_To_Send)
    Check_To_Send                            0x000014c1   Thumb Code   138  ano_dt_lx.o(i.Check_To_Send)
    i.DrvAdcInit                             0x00001550   Section        0  drv_adc.o(i.DrvAdcInit)
    i.DrvLedOnOff                            0x00001608   Section        0  drv_led.o(i.DrvLedOnOff)
    i.DrvMotorPWMSet                         0x000016bc   Section        0  drv_pwmout.o(i.DrvMotorPWMSet)
    i.DrvPpmGetOneCh                         0x000017a8   Section        0  drv_bsp.o(i.DrvPpmGetOneCh)
    i.DrvPwmOutInit                          0x0000180c   Section        0  drv_pwmout.o(i.DrvPwmOutInit)
    i.DrvRcInputInit                         0x00001ae4   Section        0  drv_bsp.o(i.DrvRcInputInit)
    i.DrvRcInputTask                         0x00001afc   Section        0  drv_bsp.o(i.DrvRcInputTask)
    i.DrvRcPpmInit                           0x00001bf4   Section        0  drv_rcin.o(i.DrvRcPpmInit)
    i.DrvRcSbusInit                          0x00001cc8   Section        0  drv_rcin.o(i.DrvRcSbusInit)
    i.DrvSbusGetOneByte                      0x00001d80   Section        0  drv_bsp.o(i.DrvSbusGetOneByte)
    i.DrvSysInit                             0x00001fc8   Section        0  drv_sys.o(i.DrvSysInit)
    i.DrvTimerFcInit                         0x00002018   Section        0  drv_timer.o(i.DrvTimerFcInit)
    i.DrvUart1Init                           0x00002094   Section        0  drv_uart.o(i.DrvUart1Init)
    i.DrvUart1SendBuf                        0x00002164   Section        0  drv_uart.o(i.DrvUart1SendBuf)
    i.DrvUart1TxCheck                        0x00002198   Section        0  drv_uart.o(i.DrvUart1TxCheck)
    i.DrvUart2Init                           0x000021dc   Section        0  drv_uart.o(i.DrvUart2Init)
    i.DrvUart2TxCheck                        0x000022b4   Section        0  drv_uart.o(i.DrvUart2TxCheck)
    i.DrvUart3Init                           0x000022f8   Section        0  drv_uart.o(i.DrvUart3Init)
    i.DrvUart3TxCheck                        0x000023d0   Section        0  drv_uart.o(i.DrvUart3TxCheck)
    i.DrvUart4Init                           0x00002414   Section        0  drv_uart.o(i.DrvUart4Init)
    i.DrvUart4TxCheck                        0x000024ec   Section        0  drv_uart.o(i.DrvUart4TxCheck)
    i.DrvUart5Init                           0x00002530   Section        0  drv_uart.o(i.DrvUart5Init)
    i.DrvUart5SendBuf                        0x00002624   Section        0  drv_uart.o(i.DrvUart5SendBuf)
    i.DrvUart5TxCheck                        0x00002658   Section        0  drv_uart.o(i.DrvUart5TxCheck)
    i.DrvUartDataCheck                       0x0000269c   Section        0  drv_uart.o(i.DrvUartDataCheck)
    i.Drv_AdcGetBatVot                       0x000026b4   Section        0  drv_adc.o(i.Drv_AdcGetBatVot)
    i.DvrLedInit                             0x00002724   Section        0  drv_led.o(i.DvrLedInit)
    i.ESC_Output                             0x000027a8   Section        0  ano_lx.o(i.ESC_Output)
    ESC_Output                               0x000027a9   Thumb Code   364  ano_lx.o(i.ESC_Output)
    i.FC_Lock                                0x00002924   Section        0  lx_fc_fun.o(i.FC_Lock)
    i.FC_Unlock                              0x00002964   Section        0  lx_fc_fun.o(i.FC_Unlock)
    i.Frame_Send                             0x000029a4   Section        0  ano_dt_lx.o(i.Frame_Send)
    Frame_Send                               0x000029a5   Thumb Code   190  ano_dt_lx.o(i.Frame_Send)
    i.GPS_Data_Prepare_Task                  0x00002a6c   Section        0  drv_ubloxgps.o(i.GPS_Data_Prepare_Task)
    i.General_Position_Data_Handle           0x00002bb8   Section        0  lx_fc_ext_sensor.o(i.General_Position_Data_Handle)
    i.General_Velocity_Data_Handle           0x00002be4   Section        0  lx_fc_ext_sensor.o(i.General_Velocity_Data_Handle)
    General_Velocity_Data_Handle             0x00002be5   Thumb Code   120  lx_fc_ext_sensor.o(i.General_Velocity_Data_Handle)
    i.GetSysRunTimeMs                        0x00002c74   Section        0  drv_sys.o(i.GetSysRunTimeMs)
    i.GetSysRunTimeUs                        0x00002c80   Section        0  drv_sys.o(i.GetSysRunTimeUs)
    i.Horizontal_Calibrate                   0x00002cb4   Section        0  lx_fc_fun.o(i.Horizontal_Calibrate)
    i.IntEnable                              0x00002cec   Section        0  interrupt.o(i.IntEnable)
    i.IntRegister                            0x00002d50   Section        0  interrupt.o(i.IntRegister)
    i.KeyBoard_DT                            0x00002d84   Section        0  drv_keyboard.o(i.KeyBoard_DT)
    i.KeyBoard_DT_Receive                    0x00002dc0   Section        0  drv_keyboard.o(i.KeyBoard_DT_Receive)
    i.LED_1ms_DRV                            0x00002e44   Section        0  drv_led.o(i.LED_1ms_DRV)
    i.LX_Cali_Trig_Check                     0x00002e9c   Section        0  lx_fc_state.o(i.LX_Cali_Trig_Check)
    i.LX_Change_Mode                         0x00002f40   Section        0  lx_fc_fun.o(i.LX_Change_Mode)
    i.LX_FC_EXT_Sensor_Task                  0x00002f9c   Section        0  lx_fc_ext_sensor.o(i.LX_FC_EXT_Sensor_Task)
    i.LX_FC_State_Task                       0x0000300c   Section        0  lx_fc_state.o(i.LX_FC_State_Task)
    i.LX_Unlock_Lock_Check                   0x0000302c   Section        0  lx_fc_state.o(i.LX_Unlock_Lock_Check)
    LX_Unlock_Lock_Check                     0x0000302d   Thumb Code   438  lx_fc_state.o(i.LX_Unlock_Lock_Check)
    i.Laser_Init                             0x000031fc   Section        0  drv_laser.o(i.Laser_Init)
    i.Laser_OnOff                            0x00003228   Section        0  drv_laser.o(i.Laser_OnOff)
    i.Loop_1000Hz                            0x00003258   Section        0  ano_scheduler.o(i.Loop_1000Hz)
    Loop_1000Hz                              0x00003259   Thumb Code     2  ano_scheduler.o(i.Loop_1000Hz)
    i.Loop_100Hz                             0x0000325a   Section        0  ano_scheduler.o(i.Loop_100Hz)
    Loop_100Hz                               0x0000325b   Thumb Code     2  ano_scheduler.o(i.Loop_100Hz)
    i.Loop_200Hz                             0x0000325c   Section        0  ano_scheduler.o(i.Loop_200Hz)
    Loop_200Hz                               0x0000325d   Thumb Code     2  ano_scheduler.o(i.Loop_200Hz)
    i.Loop_20Hz                              0x0000325e   Section        0  ano_scheduler.o(i.Loop_20Hz)
    Loop_20Hz                                0x0000325f   Thumb Code     2  ano_scheduler.o(i.Loop_20Hz)
    i.Loop_2Hz                               0x00003260   Section        0  ano_scheduler.o(i.Loop_2Hz)
    Loop_2Hz                                 0x00003261   Thumb Code     2  ano_scheduler.o(i.Loop_2Hz)
    i.Loop_500Hz                             0x00003262   Section        0  ano_scheduler.o(i.Loop_500Hz)
    Loop_500Hz                               0x00003263   Thumb Code     2  ano_scheduler.o(i.Loop_500Hz)
    i.Loop_50Hz                              0x00003264   Section        0  ano_scheduler.o(i.Loop_50Hz)
    Loop_50Hz                                0x00003265   Thumb Code     8  ano_scheduler.o(i.Loop_50Hz)
    i.Mag_Calibrate                          0x0000326c   Section        0  lx_fc_fun.o(i.Mag_Calibrate)
    i.Mode_Chosen                            0x000032a4   Section        0  user_task.o(i.Mode_Chosen)
    i.Motor_DT_Transmit                      0x00003314   Section        0  drv_motor.o(i.Motor_DT_Transmit)
    i.MyDelayMs                              0x00003338   Section        0  drv_sys.o(i.MyDelayMs)
    i.NoUse                                  0x0000335c   Section        0  drv_uart.o(i.NoUse)
    i.OneKey_Land                            0x00003360   Section        0  lx_fc_fun.o(i.OneKey_Land)
    i.OneKey_Return_Home                     0x00003398   Section        0  lx_fc_fun.o(i.OneKey_Return_Home)
    i.OneKey_Takeoff                         0x000033d0   Section        0  lx_fc_fun.o(i.OneKey_Takeoff)
    i.PAR_Back                               0x00003418   Section        0  ano_dt_lx.o(i.PAR_Back)
    i.PPM_Decode                             0x0000342c   Section        0  drv_rcin.o(i.PPM_Decode)
    PPM_Decode                               0x0000342d   Thumb Code   114  drv_rcin.o(i.PPM_Decode)
    i.PositionPID                            0x000034b0   Section        0  drv_pid.o(i.PositionPID)
    i.RC_Data_Task                           0x0000391c   Section        0  ano_lx.o(i.RC_Data_Task)
    RC_Data_Task                             0x0000391d   Thumb Code   594  ano_lx.o(i.RC_Data_Task)
    i.Sbus_IRQHandler                        0x00003bb4   Section        0  drv_rcin.o(i.Sbus_IRQHandler)
    Sbus_IRQHandler                          0x00003bb5   Thumb Code    76  drv_rcin.o(i.Sbus_IRQHandler)
    i.Scheduler_Run                          0x00003c04   Section        0  ano_scheduler.o(i.Scheduler_Run)
    i.Scheduler_Setup                        0x00003c54   Section        0  ano_scheduler.o(i.Scheduler_Setup)
    i.SysCtlClockGet                         0x00003ca4   Section        0  sysctl.o(i.SysCtlClockGet)
    i.SysTick_Handler                        0x00003df8   Section        0  drv_sys.o(i.SysTick_Handler)
    i.SysTick_Init                           0x00003e10   Section        0  drv_sys.o(i.SysTick_Init)
    i.SystemInit                             0x00003e48   Section        0  system_tm4c123.o(i.SystemInit)
    i.Timer0Irq                              0x00003ee0   Section        0  drv_timer.o(i.Timer0Irq)
    i.TimerIntClear                          0x00003ef4   Section        0  timer.o(i.TimerIntClear)
    i.TimerIntRegister                       0x00003ef8   Section        0  timer.o(i.TimerIntRegister)
    i.UART1_IRQHandler                       0x00003f60   Section        0  drv_uart.o(i.UART1_IRQHandler)
    i.UART2_IRQHandler                       0x00003fb8   Section        0  drv_uart.o(i.UART2_IRQHandler)
    i.UART3_IRQHandler                       0x00004010   Section        0  drv_uart.o(i.UART3_IRQHandler)
    i.UART4_IRQHandler                       0x00004068   Section        0  drv_uart.o(i.UART4_IRQHandler)
    i.UART5_IRQHandler                       0x000040c0   Section        0  drv_uart.o(i.UART5_IRQHandler)
    i.UARTIntRegister                        0x00004118   Section        0  uart.o(i.UARTIntRegister)
    i.UWB_DT                                 0x00004170   Section        0  drv_uwbdt.o(i.UWB_DT)
    i.UWB_DT_Receive                         0x000041f4   Section        0  drv_uwbdt.o(i.UWB_DT_Receive)
    i.UserTask_OneKeyCmd                     0x000042c0   Section        0  user_task.o(i.UserTask_OneKeyCmd)
    i.__scatterload_copy                     0x000048c4   Section       14  handlers.o(i.__scatterload_copy)
    i.__scatterload_null                     0x000048d2   Section        2  handlers.o(i.__scatterload_null)
    i.__scatterload_zeroinit                 0x000048d4   Section       14  handlers.o(i.__scatterload_zeroinit)
    i.drvAdcTrigger                          0x000048e4   Section        0  drv_adc.o(i.drvAdcTrigger)
    i.main                                   0x000048fc   Section        0  main.o(i.main)
    i.my_deadzone                            0x0000490c   Section        0  ano_math.o(i.my_deadzone)
    i.rcSignalCheck                          0x00004944   Section        0  drv_bsp.o(i.rcSignalCheck)
    rcSignalCheck                            0x00004945   Thumb Code   168  drv_bsp.o(i.rcSignalCheck)
    .constdata                               0x000049fc   Section      596  sysctl.o(.constdata)
    g_pui32VCOFrequencies                    0x000049fc   Data           8  sysctl.o(.constdata)
    g_pui32Xtals                             0x00004a04   Data         108  sysctl.o(.constdata)
    g_pppui32XTALtoVCO                       0x00004a70   Data         432  sysctl.o(.constdata)
    g_sXTALtoMEMTIM                          0x00004c20   Data          48  sysctl.o(.constdata)
    .constdata                               0x00004c50   Section      160  timer.o(.constdata)
    g_ppui32TimerIntMap                      0x00004c50   Data          96  timer.o(.constdata)
    g_ppui32TimerIntMapSnowflake             0x00004cb0   Data          64  timer.o(.constdata)
    .constdata                               0x00004cf0   Section      128  uart.o(.constdata)
    g_ppui32UARTIntMap                       0x00004cf0   Data          64  uart.o(.constdata)
    g_ppui32UARTIntMapSnowflake              0x00004d30   Data          64  uart.o(.constdata)
    .constdata                               0x00004d70   Section      268  interrupt.o(.constdata)
    g_pui32Priority                          0x00004d70   Data          32  interrupt.o(.constdata)
    g_pui32Regs                              0x00004d90   Data         156  interrupt.o(.constdata)
    g_pui32EnRegs                            0x00004e2c   Data          20  interrupt.o(.constdata)
    g_pui32Dii16Regs                         0x00004e40   Data          20  interrupt.o(.constdata)
    g_pui32PendRegs                          0x00004e54   Data          20  interrupt.o(.constdata)
    g_pui32UnpendRegs                        0x00004e68   Data          20  interrupt.o(.constdata)
    .data                                    0x20000000   Section       84  ano_scheduler.o(.data)
    sched_tasks                              0x20000000   Data          84  ano_scheduler.o(.data)
    .data                                    0x20000054   Section       14  user_task.o(.data)
    one_key_takeoff_f                        0x2000005b   Data           1  user_task.o(.data)
    one_key_land_f                           0x2000005c   Data           1  user_task.o(.data)
    one_key_mission_f                        0x2000005d   Data           1  user_task.o(.data)
    mission_step                             0x2000005e   Data           1  user_task.o(.data)
    time_dly_cnt_ms                          0x20000060   Data           2  user_task.o(.data)
    .data                                    0x20000062   Section        6  ano_dt_lx.o(.data)
    DT_data_cnt                              0x20000062   Data           1  ano_dt_lx.o(.data)
    repeat_cnt                               0x20000063   Data           1  ano_dt_lx.o(.data)
    _data_len                                0x20000064   Data           1  ano_dt_lx.o(.data)
    _data_cnt                                0x20000065   Data           1  ano_dt_lx.o(.data)
    rxstate                                  0x20000066   Data           1  ano_dt_lx.o(.data)
    time_dly                                 0x20000067   Data           1  ano_dt_lx.o(.data)
    .data                                    0x20000068   Section       30  ano_lx.o(.data)
    fail_safe_change_mod                     0x20000079   Data           1  ano_lx.o(.data)
    fail_safe_return_home                    0x2000007a   Data           1  ano_lx.o(.data)
    mod_f                                    0x2000007b   Data           3  ano_lx.o(.data)
    mod_f_time_cnt                           0x2000007e   Data           2  ano_lx.o(.data)
    esc_calibrated                           0x20000080   Data           1  ano_lx.o(.data)
    tmp_cnt                                  0x20000082   Data           4  ano_lx.o(.data)
    .data                                    0x20000086   Section       12  lx_fc_ext_sensor.o(.data)
    of_update_cnt                            0x2000008e   Data           1  lx_fc_ext_sensor.o(.data)
    of_alt_update_cnt                        0x2000008f   Data           1  lx_fc_ext_sensor.o(.data)
    dT_ms                                    0x20000090   Data           1  lx_fc_ext_sensor.o(.data)
    of_alt_update_cnt                        0x20000091   Data           1  lx_fc_ext_sensor.o(.data)
    .data                                    0x20000092   Section        1  lx_fc_fun.o(.data)
    old_mode                                 0x20000092   Data           1  lx_fc_fun.o(.data)
    .data                                    0x20000094   Section        6  lx_fc_state.o(.data)
    time_dly_cnt_ms                          0x20000096   Data           2  lx_fc_state.o(.data)
    unlock_lock_flag                         0x20000098   Data           1  lx_fc_state.o(.data)
    cali_f                                   0x20000099   Data           1  lx_fc_state.o(.data)
    .data                                    0x2000009c   Section       19  drv_bsp.o(.data)
    ch_sta                                   0x2000009c   Data           1  drv_bsp.o(.data)
    sbus_time                                0x200000a0   Data           8  drv_bsp.o(.data)
    cnt                                      0x200000a8   Data           1  drv_bsp.o(.data)
    frame_cnt                                0x200000a9   Data           1  drv_bsp.o(.data)
    cnt_tmp                                  0x200000aa   Data           1  drv_bsp.o(.data)
    time_dly                                 0x200000ac   Data           2  drv_bsp.o(.data)
    failsafe                                 0x200000ae   Data           1  drv_bsp.o(.data)
    .data                                    0x200000af   Section        3  drv_anoof.o(.data)
    _data_len                                0x200000af   Data           1  drv_anoof.o(.data)
    _data_cnt                                0x200000b0   Data           1  drv_anoof.o(.data)
    rxstate                                  0x200000b1   Data           1  drv_anoof.o(.data)
    .data                                    0x200000b2   Section      182  drv_ubloxgps.o(.data)
    protocol_class                           0x20000161   Data           1  drv_ubloxgps.o(.data)
    protocol_id                              0x20000162   Data           1  drv_ubloxgps.o(.data)
    protocol_length_t                        0x20000163   Data           1  drv_ubloxgps.o(.data)
    protocol_length                          0x20000164   Data           2  drv_ubloxgps.o(.data)
    state                                    0x20000167   Data           1  drv_ubloxgps.o(.data)
    .data                                    0x20000168   Section       16  drv_uwbdt.o(.data)
    rxstate                                  0x20000177   Data           1  drv_uwbdt.o(.data)
    .data                                    0x20000178   Section      144  drv_pid.o(.data)
    lastVxErro                               0x200001b4   Data           4  drv_pid.o(.data)
    lastVyErro                               0x200001b8   Data           4  drv_pid.o(.data)
    lastVzErro                               0x200001bc   Data           4  drv_pid.o(.data)
    pidVx_pOut                               0x200001c0   Data           4  drv_pid.o(.data)
    pidVx_dOut                               0x200001c4   Data           4  drv_pid.o(.data)
    pidVx_iOut                               0x200001c8   Data           4  drv_pid.o(.data)
    pidVy_pOut                               0x200001cc   Data           4  drv_pid.o(.data)
    pidVy_dOut                               0x200001d0   Data           4  drv_pid.o(.data)
    pidVy_iOut                               0x200001d4   Data           4  drv_pid.o(.data)
    pidVz_pOut                               0x200001d8   Data           4  drv_pid.o(.data)
    pidVz_dOut                               0x200001dc   Data           4  drv_pid.o(.data)
    pidVz_iOut                               0x200001e0   Data           4  drv_pid.o(.data)
    pidVx_value                              0x200001e4   Data           4  drv_pid.o(.data)
    pidVy_value                              0x200001e8   Data           4  drv_pid.o(.data)
    pidVz_value                              0x200001ec   Data           4  drv_pid.o(.data)
    flag_Y                                   0x200001f0   Data           1  drv_pid.o(.data)
    flag_X                                   0x200001f1   Data           1  drv_pid.o(.data)
    lastAGErro                               0x200001f4   Data           4  drv_pid.o(.data)
    pidAG_pOut                               0x200001f8   Data           4  drv_pid.o(.data)
    pidAG_dOut                               0x200001fc   Data           4  drv_pid.o(.data)
    pidAG_iOut                               0x20000200   Data           4  drv_pid.o(.data)
    pidAG_value                              0x20000204   Data           4  drv_pid.o(.data)
    .data                                    0x20000208   Section        5  drv_keyboard.o(.data)
    rxstate                                  0x2000020c   Data           1  drv_keyboard.o(.data)
    .data                                    0x2000020d   Section        4  drv_motor.o(.data)
    .data                                    0x20000218   Section        8  drv_sys.o(.data)
    SysRunTimeMs                             0x20000218   Data           8  drv_sys.o(.data)
    .data                                    0x20000220   Section        4  drv_adc.o(.data)
    .data                                    0x20000224   Section       12  drv_led.o(.data)
    led_cnt                                  0x20000228   Data           8  drv_led.o(.data)
    .data                                    0x20000230   Section       12  drv_rcin.o(.data)
    PeriodVal1                               0x20000230   Data           4  drv_rcin.o(.data)
    PeriodVal2                               0x20000234   Data           4  drv_rcin.o(.data)
    PulseHigh                                0x20000238   Data           4  drv_rcin.o(.data)
    .data                                    0x2000023c   Section       10  drv_uart.o(.data)
    vtable                                   0x20000400   Section      620  interrupt.o(vtable)
    g_pfnRAMVectors                          0x20000400   Data         620  interrupt.o(vtable)
    .bss                                     0x2000066c   Section     1872  ano_dt_lx.o(.bss)
    DT_RxBuffer                              0x20000cbc   Data         256  ano_dt_lx.o(.bss)
    .bss                                     0x20000dbc   Section       56  ano_lx.o(.bss)
    pwm                                      0x20000de4   Data          16  ano_lx.o(.bss)
    .bss                                     0x20000df4   Section       48  lx_fc_ext_sensor.o(.bss)
    .bss                                     0x20000e24   Section       11  lx_fc_state.o(.bss)
    .bss                                     0x20000e30   Section      107  drv_bsp.o(.bss)
    datatmp                                  0x20000e82   Data          25  drv_bsp.o(.bss)
    .bss                                     0x20000e9c   Section      124  drv_anoof.o(.bss)
    _datatemp                                0x20000ed8   Data          50  drv_anoof.o(.bss)
    check_time_ms                            0x20000f0c   Data          12  drv_anoof.o(.bss)
    .bss                                     0x20000f18   Section      100  drv_ubloxgps.o(.bss)
    .bss                                     0x20000f7c   Section     1280  drv_uart.o(.bss)
    STACK                                    0x20001480   Section     2560  startup_tm4c123.o(STACK)

    Global Symbols

    Symbol Name                              Value     Ov Type        Size  Object(Section)

    BuildAttributes$$THM_ISAv4$E$P$D$K$B$S$7EM$VFPi3$EXTD16$VFPS$VFMA$PE$A:L22UL41UL21$X:L11$S22US41US21$IEEE1$IW$USESV6$~STKCKD$USESV7$~SHL$OTIME$ROPI$EBA8$MICROLIB$REQ8$PRES8$EABIv2 0x00000000   Number         0  anon$$obj.o ABSOLUTE
    __ARM_use_no_argv                        0x00000000   Number         0  main.o ABSOLUTE
    __Vectors                                0x00000000   Data           4  startup_tm4c123.o(RESET)
    __cpp_initialize__aeabi_                  - Undefined Weak Reference
    __cxa_finalize                            - Undefined Weak Reference
    _clock_init                               - Undefined Weak Reference
    _microlib_exit                            - Undefined Weak Reference
    __Vectors_End                            0x0000026c   Data           0  startup_tm4c123.o(RESET)
    __Vectors_Size                           0x0000026c   Number         0  startup_tm4c123.o ABSOLUTE
    __main                                   0x0000026d   Thumb Code     0  entry.o(.ARM.Collect$$$$00000000)
    _main_stk                                0x0000026d   Thumb Code     0  entry2.o(.ARM.Collect$$$$00000001)
    _main_scatterload                        0x00000271   Thumb Code     0  entry5.o(.ARM.Collect$$$$00000004)
    __main_after_scatterload                 0x00000275   Thumb Code     0  entry5.o(.ARM.Collect$$$$00000004)
    _main_clock                              0x00000275   Thumb Code     0  entry7b.o(.ARM.Collect$$$$00000008)
    _main_cpp_init                           0x00000275   Thumb Code     0  entry8b.o(.ARM.Collect$$$$0000000A)
    _main_init                               0x00000275   Thumb Code     0  entry9a.o(.ARM.Collect$$$$0000000B)
    __rt_final_cpp                           0x0000027d   Thumb Code     0  entry10a.o(.ARM.Collect$$$$0000000D)
    __rt_final_exit                          0x0000027d   Thumb Code     0  entry11a.o(.ARM.Collect$$$$0000000F)
    Reset_Handler                            0x00000281   Thumb Code     8  startup_tm4c123.o(.text)
    NMI_Handler                              0x00000289   Thumb Code     2  startup_tm4c123.o(.text)
    HardFault_Handler                        0x0000028b   Thumb Code     2  startup_tm4c123.o(.text)
    MemManage_Handler                        0x0000028d   Thumb Code     2  startup_tm4c123.o(.text)
    BusFault_Handler                         0x0000028f   Thumb Code     2  startup_tm4c123.o(.text)
    UsageFault_Handler                       0x00000291   Thumb Code     2  startup_tm4c123.o(.text)
    SVC_Handler                              0x00000293   Thumb Code     2  startup_tm4c123.o(.text)
    DebugMon_Handler                         0x00000295   Thumb Code     2  startup_tm4c123.o(.text)
    PendSV_Handler                           0x00000297   Thumb Code     2  startup_tm4c123.o(.text)
    GPIOA_Handler                            0x0000029b   Thumb Code     2  startup_tm4c123.o(.text)
    GPIOB_Handler                            0x0000029d   Thumb Code     2  startup_tm4c123.o(.text)
    GPIOC_Handler                            0x0000029f   Thumb Code     2  startup_tm4c123.o(.text)
    GPIOD_Handler                            0x000002a1   Thumb Code     2  startup_tm4c123.o(.text)
    GPIOE_Handler                            0x000002a3   Thumb Code     2  startup_tm4c123.o(.text)
    UART0_Handler                            0x000002a5   Thumb Code     2  startup_tm4c123.o(.text)
    UART1_Handler                            0x000002a7   Thumb Code     2  startup_tm4c123.o(.text)
    SSI0_Handler                             0x000002a9   Thumb Code     2  startup_tm4c123.o(.text)
    I2C0_Handler                             0x000002ab   Thumb Code     2  startup_tm4c123.o(.text)
    PMW0_FAULT_Handler                       0x000002ad   Thumb Code     2  startup_tm4c123.o(.text)
    PWM0_0_Handler                           0x000002af   Thumb Code     2  startup_tm4c123.o(.text)
    PWM0_1_Handler                           0x000002b1   Thumb Code     2  startup_tm4c123.o(.text)
    PWM0_2_Handler                           0x000002b3   Thumb Code     2  startup_tm4c123.o(.text)
    QEI0_Handler                             0x000002b5   Thumb Code     2  startup_tm4c123.o(.text)
    ADC0SS0_Handler                          0x000002b7   Thumb Code     2  startup_tm4c123.o(.text)
    ADC0SS1_Handler                          0x000002b9   Thumb Code     2  startup_tm4c123.o(.text)
    ADC0SS2_Handler                          0x000002bb   Thumb Code     2  startup_tm4c123.o(.text)
    ADC0SS3_Handler                          0x000002bd   Thumb Code     2  startup_tm4c123.o(.text)
    WDT0_Handler                             0x000002bf   Thumb Code     2  startup_tm4c123.o(.text)
    TIMER0A_Handler                          0x000002c1   Thumb Code     2  startup_tm4c123.o(.text)
    TIMER0B_Handler                          0x000002c3   Thumb Code     2  startup_tm4c123.o(.text)
    TIMER1A_Handler                          0x000002c5   Thumb Code     2  startup_tm4c123.o(.text)
    TIMER1B_Handler                          0x000002c7   Thumb Code     2  startup_tm4c123.o(.text)
    TIMER2A_Handler                          0x000002c9   Thumb Code     2  startup_tm4c123.o(.text)
    TIMER2B_Handler                          0x000002cb   Thumb Code     2  startup_tm4c123.o(.text)
    COMP0_Handler                            0x000002cd   Thumb Code     2  startup_tm4c123.o(.text)
    COMP1_Handler                            0x000002cf   Thumb Code     2  startup_tm4c123.o(.text)
    COMP2_Handler                            0x000002d1   Thumb Code     2  startup_tm4c123.o(.text)
    SYSCTL_Handler                           0x000002d3   Thumb Code     2  startup_tm4c123.o(.text)
    FLASH_Handler                            0x000002d5   Thumb Code     2  startup_tm4c123.o(.text)
    GPIOF_Handler                            0x000002d7   Thumb Code     2  startup_tm4c123.o(.text)
    GPIOG_Handler                            0x000002d9   Thumb Code     2  startup_tm4c123.o(.text)
    GPIOH_Handler                            0x000002db   Thumb Code     2  startup_tm4c123.o(.text)
    UART2_Handler                            0x000002dd   Thumb Code     2  startup_tm4c123.o(.text)
    SSI1_Handler                             0x000002df   Thumb Code     2  startup_tm4c123.o(.text)
    TIMER3A_Handler                          0x000002e1   Thumb Code     2  startup_tm4c123.o(.text)
    TIMER3B_Handler                          0x000002e3   Thumb Code     2  startup_tm4c123.o(.text)
    I2C1_Handler                             0x000002e5   Thumb Code     2  startup_tm4c123.o(.text)
    QEI1_Handler                             0x000002e7   Thumb Code     2  startup_tm4c123.o(.text)
    CAN0_Handler                             0x000002e9   Thumb Code     2  startup_tm4c123.o(.text)
    CAN1_Handler                             0x000002eb   Thumb Code     2  startup_tm4c123.o(.text)
    CAN2_Handler                             0x000002ed   Thumb Code     2  startup_tm4c123.o(.text)
    HIB_Handler                              0x000002ef   Thumb Code     2  startup_tm4c123.o(.text)
    USB0_Handler                             0x000002f1   Thumb Code     2  startup_tm4c123.o(.text)
    PWM0_3_Handler                           0x000002f3   Thumb Code     2  startup_tm4c123.o(.text)
    UDMA_Handler                             0x000002f5   Thumb Code     2  startup_tm4c123.o(.text)
    UDMAERR_Handler                          0x000002f7   Thumb Code     2  startup_tm4c123.o(.text)
    ADC1SS0_Handler                          0x000002f9   Thumb Code     2  startup_tm4c123.o(.text)
    ADC1SS1_Handler                          0x000002fb   Thumb Code     2  startup_tm4c123.o(.text)
    ADC1SS2_Handler                          0x000002fd   Thumb Code     2  startup_tm4c123.o(.text)
    ADC1SS3_Handler                          0x000002ff   Thumb Code     2  startup_tm4c123.o(.text)
    GPIOJ_Handler                            0x00000301   Thumb Code     2  startup_tm4c123.o(.text)
    GPIOK_Handler                            0x00000303   Thumb Code     2  startup_tm4c123.o(.text)
    GPIOL_Handler                            0x00000305   Thumb Code     2  startup_tm4c123.o(.text)
    SSI2_Handler                             0x00000307   Thumb Code     2  startup_tm4c123.o(.text)
    SSI3_Handler                             0x00000309   Thumb Code     2  startup_tm4c123.o(.text)
    UART3_Handler                            0x0000030b   Thumb Code     2  startup_tm4c123.o(.text)
    UART4_Handler                            0x0000030d   Thumb Code     2  startup_tm4c123.o(.text)
    UART5_Handler                            0x0000030f   Thumb Code     2  startup_tm4c123.o(.text)
    UART6_Handler                            0x00000311   Thumb Code     2  startup_tm4c123.o(.text)
    UART7_Handler                            0x00000313   Thumb Code     2  startup_tm4c123.o(.text)
    I2C2_Handler                             0x00000315   Thumb Code     2  startup_tm4c123.o(.text)
    I2C3_Handler                             0x00000317   Thumb Code     2  startup_tm4c123.o(.text)
    TIMER4A_Handler                          0x00000319   Thumb Code     2  startup_tm4c123.o(.text)
    TIMER4B_Handler                          0x0000031b   Thumb Code     2  startup_tm4c123.o(.text)
    TIMER5A_Handler                          0x0000031d   Thumb Code     2  startup_tm4c123.o(.text)
    TIMER5B_Handler                          0x0000031f   Thumb Code     2  startup_tm4c123.o(.text)
    WTIMER0A_Handler                         0x00000321   Thumb Code     2  startup_tm4c123.o(.text)
    WTIMER0B_Handler                         0x00000323   Thumb Code     2  startup_tm4c123.o(.text)
    WTIMER1A_Handler                         0x00000325   Thumb Code     2  startup_tm4c123.o(.text)
    WTIMER1B_Handler                         0x00000327   Thumb Code     2  startup_tm4c123.o(.text)
    WTIMER2A_Handler                         0x00000329   Thumb Code     2  startup_tm4c123.o(.text)
    WTIMER2B_Handler                         0x0000032b   Thumb Code     2  startup_tm4c123.o(.text)
    WTIMER3A_Handler                         0x0000032d   Thumb Code     2  startup_tm4c123.o(.text)
    WTIMER3B_Handler                         0x0000032f   Thumb Code     2  startup_tm4c123.o(.text)
    WTIMER4A_Handler                         0x00000331   Thumb Code     2  startup_tm4c123.o(.text)
    WTIMER4B_Handler                         0x00000333   Thumb Code     2  startup_tm4c123.o(.text)
    WTIMER5A_Handler                         0x00000335   Thumb Code     2  startup_tm4c123.o(.text)
    WTIMER5B_Handler                         0x00000337   Thumb Code     2  startup_tm4c123.o(.text)
    FPU_Handler                              0x00000339   Thumb Code     2  startup_tm4c123.o(.text)
    I2C4_Handler                             0x0000033b   Thumb Code     2  startup_tm4c123.o(.text)
    I2C5_Handler                             0x0000033d   Thumb Code     2  startup_tm4c123.o(.text)
    GPIOM_Handler                            0x0000033f   Thumb Code     2  startup_tm4c123.o(.text)
    GPION_Handler                            0x00000341   Thumb Code     2  startup_tm4c123.o(.text)
    QEI2_Handler                             0x00000343   Thumb Code     2  startup_tm4c123.o(.text)
    GPIOP0_Handler                           0x00000345   Thumb Code     2  startup_tm4c123.o(.text)
    GPIOP1_Handler                           0x00000347   Thumb Code     2  startup_tm4c123.o(.text)
    GPIOP2_Handler                           0x00000349   Thumb Code     2  startup_tm4c123.o(.text)
    GPIOP3_Handler                           0x0000034b   Thumb Code     2  startup_tm4c123.o(.text)
    GPIOP4_Handler                           0x0000034d   Thumb Code     2  startup_tm4c123.o(.text)
    GPIOP5_Handler                           0x0000034f   Thumb Code     2  startup_tm4c123.o(.text)
    GPIOP6_Handler                           0x00000351   Thumb Code     2  startup_tm4c123.o(.text)
    GPIOP7_Handler                           0x00000353   Thumb Code     2  startup_tm4c123.o(.text)
    GPIOQ0_Handler                           0x00000355   Thumb Code     2  startup_tm4c123.o(.text)
    GPIOQ1_Handler                           0x00000357   Thumb Code     2  startup_tm4c123.o(.text)
    GPIOQ2_Handler                           0x00000359   Thumb Code     2  startup_tm4c123.o(.text)
    GPIOQ3_Handler                           0x0000035b   Thumb Code     2  startup_tm4c123.o(.text)
    GPIOQ4_Handler                           0x0000035d   Thumb Code     2  startup_tm4c123.o(.text)
    GPIOQ5_Handler                           0x0000035f   Thumb Code     2  startup_tm4c123.o(.text)
    GPIOQ6_Handler                           0x00000361   Thumb Code     2  startup_tm4c123.o(.text)
    GPIOQ7_Handler                           0x00000363   Thumb Code     2  startup_tm4c123.o(.text)
    GPIOR_Handler                            0x00000365   Thumb Code     2  startup_tm4c123.o(.text)
    GPIOS_Handler                            0x00000367   Thumb Code     2  startup_tm4c123.o(.text)
    PMW1_0_Handler                           0x00000369   Thumb Code     2  startup_tm4c123.o(.text)
    PWM1_1_Handler                           0x0000036b   Thumb Code     2  startup_tm4c123.o(.text)
    PWM1_2_Handler                           0x0000036d   Thumb Code     2  startup_tm4c123.o(.text)
    PWM1_3_Handler                           0x0000036f   Thumb Code     2  startup_tm4c123.o(.text)
    PWM1_FAULT_Handler                       0x00000371   Thumb Code     2  startup_tm4c123.o(.text)
    __aeabi_dmul                             0x0000037d   Thumb Code   228  dmul.o(.text)
    __aeabi_ddiv                             0x00000461   Thumb Code   222  ddiv.o(.text)
    __aeabi_ui2d                             0x0000053f   Thumb Code    26  dfltui.o(.text)
    __aeabi_d2f                              0x00000559   Thumb Code    56  d2f.o(.text)
    __aeabi_llsl                             0x00000591   Thumb Code    30  llshl.o(.text)
    _ll_shift_l                              0x00000591   Thumb Code     0  llshl.o(.text)
    __I$use$fp                               0x000005af   Thumb Code     0  iusefp.o(.text)
    _float_round                             0x000005af   Thumb Code    18  fepilogue.o(.text)
    _float_epilogue                          0x000005c1   Thumb Code    92  fepilogue.o(.text)
    _double_round                            0x0000061d   Thumb Code    30  depilogue.o(.text)
    _double_epilogue                         0x0000063b   Thumb Code   156  depilogue.o(.text)
    __scatterload                            0x000006d9   Thumb Code    28  init.o(.text)
    __scatterload_rt2                        0x000006d9   Thumb Code     0  init.o(.text)
    __aeabi_llsr                             0x000006fd   Thumb Code    32  llushr.o(.text)
    _ll_ushift_r                             0x000006fd   Thumb Code     0  llushr.o(.text)
    __decompress                             0x0000071d   Thumb Code     0  __dczerorl2.o(.text)
    __decompress1                            0x0000071d   Thumb Code    86  __dczerorl2.o(.text)
    ADCIntRegister                           0x000007a1   Thumb Code    92  adc.o(i.ADCIntRegister)
    ANO_DT_Init                              0x00000809   Thumb Code   206  ano_dt_lx.o(i.ANO_DT_Init)
    ANO_DT_LX_Data_Receive_Prepare           0x00000ae1   Thumb Code   258  ano_dt_lx.o(i.ANO_DT_LX_Data_Receive_Prepare)
    ANO_LX_Data_Exchange_Task                0x00000c09   Thumb Code    80  ano_dt_lx.o(i.ANO_LX_Data_Exchange_Task)
    ANO_LX_Task                              0x00000c59   Thumb Code   144  ano_lx.o(i.ANO_LX_Task)
    All_Init                                 0x00000ee5   Thumb Code   102  drv_bsp.o(i.All_Init)
    AnglePID                                 0x00000f51   Thumb Code   314  drv_pid.o(i.AnglePID)
    AnoOF_Check_State                        0x000010c1   Thumb Code   180  drv_anoof.o(i.AnoOF_Check_State)
    AnoOF_GetOneByte                         0x000012fd   Thumb Code   252  drv_anoof.o(i.AnoOF_GetOneByte)
    CK_Back                                  0x0000142d   Thumb Code    12  ano_dt_lx.o(i.CK_Back)
    CMD_Send                                 0x000014a5   Thumb Code    22  ano_dt_lx.o(i.CMD_Send)
    DrvAdcInit                               0x00001551   Thumb Code   164  drv_adc.o(i.DrvAdcInit)
    DrvLedOnOff                              0x00001609   Thumb Code   170  drv_led.o(i.DrvLedOnOff)
    DrvMotorPWMSet                           0x000016bd   Thumb Code   222  drv_pwmout.o(i.DrvMotorPWMSet)
    DrvPpmGetOneCh                           0x000017a9   Thumb Code    92  drv_bsp.o(i.DrvPpmGetOneCh)
    DrvPwmOutInit                            0x0000180d   Thumb Code   666  drv_pwmout.o(i.DrvPwmOutInit)
    DrvRcInputInit                           0x00001ae5   Thumb Code    20  drv_bsp.o(i.DrvRcInputInit)
    DrvRcInputTask                           0x00001afd   Thumb Code   232  drv_bsp.o(i.DrvRcInputTask)
    DrvRcPpmInit                             0x00001bf5   Thumb Code   182  drv_rcin.o(i.DrvRcPpmInit)
    DrvRcSbusInit                            0x00001cc9   Thumb Code   156  drv_rcin.o(i.DrvRcSbusInit)
    DrvSbusGetOneByte                        0x00001d81   Thumb Code   560  drv_bsp.o(i.DrvSbusGetOneByte)
    DrvSysInit                               0x00001fc9   Thumb Code    68  drv_sys.o(i.DrvSysInit)
    DrvTimerFcInit                           0x00002019   Thumb Code   110  drv_timer.o(i.DrvTimerFcInit)
    DrvUart1Init                             0x00002095   Thumb Code   192  drv_uart.o(i.DrvUart1Init)
    DrvUart1SendBuf                          0x00002165   Thumb Code    42  drv_uart.o(i.DrvUart1SendBuf)
    DrvUart1TxCheck                          0x00002199   Thumb Code    52  drv_uart.o(i.DrvUart1TxCheck)
    DrvUart2Init                             0x000021dd   Thumb Code   188  drv_uart.o(i.DrvUart2Init)
    DrvUart2TxCheck                          0x000022b5   Thumb Code    52  drv_uart.o(i.DrvUart2TxCheck)
    DrvUart3Init                             0x000022f9   Thumb Code   188  drv_uart.o(i.DrvUart3Init)
    DrvUart3TxCheck                          0x000023d1   Thumb Code    52  drv_uart.o(i.DrvUart3TxCheck)
    DrvUart4Init                             0x00002415   Thumb Code   188  drv_uart.o(i.DrvUart4Init)
    DrvUart4TxCheck                          0x000024ed   Thumb Code    52  drv_uart.o(i.DrvUart4TxCheck)
    DrvUart5Init                             0x00002531   Thumb Code   206  drv_uart.o(i.DrvUart5Init)
    DrvUart5SendBuf                          0x00002625   Thumb Code    42  drv_uart.o(i.DrvUart5SendBuf)
    DrvUart5TxCheck                          0x00002659   Thumb Code    52  drv_uart.o(i.DrvUart5TxCheck)
    DrvUartDataCheck                         0x0000269d   Thumb Code    24  drv_uart.o(i.DrvUartDataCheck)
    Drv_AdcGetBatVot                         0x000026b5   Thumb Code    84  drv_adc.o(i.Drv_AdcGetBatVot)
    DvrLedInit                               0x00002725   Thumb Code   120  drv_led.o(i.DvrLedInit)
    FC_Lock                                  0x00002925   Thumb Code    56  lx_fc_fun.o(i.FC_Lock)
    FC_Unlock                                0x00002965   Thumb Code    56  lx_fc_fun.o(i.FC_Unlock)
    GPS_Data_Prepare_Task                    0x00002a6d   Thumb Code   306  drv_ubloxgps.o(i.GPS_Data_Prepare_Task)
    General_Position_Data_Handle             0x00002bb9   Thumb Code    32  lx_fc_ext_sensor.o(i.General_Position_Data_Handle)
    GetSysRunTimeMs                          0x00002c75   Thumb Code     6  drv_sys.o(i.GetSysRunTimeMs)
    GetSysRunTimeUs                          0x00002c81   Thumb Code    46  drv_sys.o(i.GetSysRunTimeUs)
    Horizontal_Calibrate                     0x00002cb5   Thumb Code    50  lx_fc_fun.o(i.Horizontal_Calibrate)
    IntEnable                                0x00002ced   Thumb Code    92  interrupt.o(i.IntEnable)
    IntRegister                              0x00002d51   Thumb Code    44  interrupt.o(i.IntRegister)
    KeyBoard_DT                              0x00002d85   Thumb Code    40  drv_keyboard.o(i.KeyBoard_DT)
    KeyBoard_DT_Receive                      0x00002dc1   Thumb Code   124  drv_keyboard.o(i.KeyBoard_DT_Receive)
    LED_1ms_DRV                              0x00002e45   Thumb Code    78  drv_led.o(i.LED_1ms_DRV)
    LX_Cali_Trig_Check                       0x00002e9d   Thumb Code   150  lx_fc_state.o(i.LX_Cali_Trig_Check)
    LX_Change_Mode                           0x00002f41   Thumb Code    80  lx_fc_fun.o(i.LX_Change_Mode)
    LX_FC_EXT_Sensor_Task                    0x00002f9d   Thumb Code    92  lx_fc_ext_sensor.o(i.LX_FC_EXT_Sensor_Task)
    LX_FC_State_Task                         0x0000300d   Thumb Code    26  lx_fc_state.o(i.LX_FC_State_Task)
    Laser_Init                               0x000031fd   Thumb Code    36  drv_laser.o(i.Laser_Init)
    Laser_OnOff                              0x00003229   Thumb Code    42  drv_laser.o(i.Laser_OnOff)
    Mag_Calibrate                            0x0000326d   Thumb Code    50  lx_fc_fun.o(i.Mag_Calibrate)
    Mode_Chosen                              0x000032a5   Thumb Code   104  user_task.o(i.Mode_Chosen)
    Motor_DT_Transmit                        0x00003315   Thumb Code    32  drv_motor.o(i.Motor_DT_Transmit)
    MyDelayMs                                0x00003339   Thumb Code    30  drv_sys.o(i.MyDelayMs)
    NoUse                                    0x0000335d   Thumb Code     2  drv_uart.o(i.NoUse)
    OneKey_Land                              0x00003361   Thumb Code    50  lx_fc_fun.o(i.OneKey_Land)
    OneKey_Return_Home                       0x00003399   Thumb Code    50  lx_fc_fun.o(i.OneKey_Return_Home)
    OneKey_Takeoff                           0x000033d1   Thumb Code    66  lx_fc_fun.o(i.OneKey_Takeoff)
    PAR_Back                                 0x00003419   Thumb Code    14  ano_dt_lx.o(i.PAR_Back)
    PositionPID                              0x000034b1   Thumb Code  1132  drv_pid.o(i.PositionPID)
    Scheduler_Run                            0x00003c05   Thumb Code    76  ano_scheduler.o(i.Scheduler_Run)
    Scheduler_Setup                          0x00003c55   Thumb Code    76  ano_scheduler.o(i.Scheduler_Setup)
    SysCtlClockGet                           0x00003ca5   Thumb Code   304  sysctl.o(i.SysCtlClockGet)
    SysTick_Handler                          0x00003df9   Thumb Code    20  drv_sys.o(i.SysTick_Handler)
    SysTick_Init                             0x00003e11   Thumb Code    54  drv_sys.o(i.SysTick_Init)
    SystemInit                               0x00003e49   Thumb Code   112  system_tm4c123.o(i.SystemInit)
    Timer0Irq                                0x00003ee1   Thumb Code    16  drv_timer.o(i.Timer0Irq)
    TimerIntClear                            0x00003ef5   Thumb Code     4  timer.o(i.TimerIntClear)
    TimerIntRegister                         0x00003ef9   Thumb Code    88  timer.o(i.TimerIntRegister)
    UART1_IRQHandler                         0x00003f61   Thumb Code    82  drv_uart.o(i.UART1_IRQHandler)
    UART2_IRQHandler                         0x00003fb9   Thumb Code    82  drv_uart.o(i.UART2_IRQHandler)
    UART3_IRQHandler                         0x00004011   Thumb Code    82  drv_uart.o(i.UART3_IRQHandler)
    UART4_IRQHandler                         0x00004069   Thumb Code    82  drv_uart.o(i.UART4_IRQHandler)
    UART5_IRQHandler                         0x000040c1   Thumb Code    82  drv_uart.o(i.UART5_IRQHandler)
    UARTIntRegister                          0x00004119   Thumb Code    70  uart.o(i.UARTIntRegister)
    UWB_DT                                   0x00004171   Thumb Code    92  drv_uwbdt.o(i.UWB_DT)
    UWB_DT_Receive                           0x000041f5   Thumb Code   194  drv_uwbdt.o(i.UWB_DT_Receive)
    UserTask_OneKeyCmd                       0x000042c1   Thumb Code  1518  user_task.o(i.UserTask_OneKeyCmd)
    __scatterload_copy                       0x000048c5   Thumb Code    14  handlers.o(i.__scatterload_copy)
    __scatterload_null                       0x000048d3   Thumb Code     2  handlers.o(i.__scatterload_null)
    __scatterload_zeroinit                   0x000048d5   Thumb Code    14  handlers.o(i.__scatterload_zeroinit)
    drvAdcTrigger                            0x000048e5   Thumb Code    18  drv_adc.o(i.drvAdcTrigger)
    main                                     0x000048fd   Thumb Code    16  main.o(i.main)
    my_deadzone                              0x0000490d   Thumb Code    54  ano_math.o(i.my_deadzone)
    Region$$Table$$Base                      0x00004e7c   Number         0  anon$$obj.o(Region$$Table)
    Region$$Table$$Limit                     0x00004e9c   Number         0  anon$$obj.o(Region$$Table)
    First_Position                           0x20000054   Data           1  user_task.o(.data)
    Second_Position                          0x20000055   Data           1  user_task.o(.data)
    Task                                     0x20000056   Data           1  user_task.o(.data)
    Mode                                     0x20000057   Data           1  user_task.o(.data)
    Clever                                   0x20000058   Data           1  user_task.o(.data)
    flag1                                    0x20000059   Data           1  user_task.o(.data)
    flag2                                    0x2000005a   Data           1  user_task.o(.data)
    fc_bat                                   0x20000068   Data           4  ano_lx.o(.data)
    fc_att                                   0x2000006c   Data           7  ano_lx.o(.data)
    fc_vel                                   0x20000073   Data           6  ano_lx.o(.data)
    fc_pos                                   0x20000086   Data           6  lx_fc_ext_sensor.o(.data)
    key_pos                                  0x2000008c   Data           2  lx_fc_ext_sensor.o(.data)
    sti_fun                                  0x20000094   Data           2  lx_fc_state.o(.data)
    pvt_receive_updata                       0x200000b2   Data           1  drv_ubloxgps.o(.data)
    fre_test_cnt                             0x200000b4   Data           2  drv_ubloxgps.o(.data)
    Period_Out_H                             0x200000b6   Data          14  drv_ubloxgps.o(.data)
    Period_Out_L                             0x200000c4   Data          14  drv_ubloxgps.o(.data)
    Pulse_Period                             0x200000d2   Data          28  drv_ubloxgps.o(.data)
    Baud115200                               0x200000ee   Data          28  drv_ubloxgps.o(.data)
    Save_Con                                 0x2000010a   Data          21  drv_ubloxgps.o(.data)
    POLLSH_SET                               0x2000011f   Data          11  drv_ubloxgps.o(.data)
    SOL_SET                                  0x2000012a   Data          11  drv_ubloxgps.o(.data)
    VELNED_SET                               0x20000135   Data          11  drv_ubloxgps.o(.data)
    TIMEUTC_SET                              0x20000140   Data          11  drv_ubloxgps.o(.data)
    DOP_SET                                  0x2000014b   Data          11  drv_ubloxgps.o(.data)
    PVT_SET                                  0x20000156   Data          11  drv_ubloxgps.o(.data)
    pvt_recerve_ok_cnt                       0x20000166   Data           1  drv_ubloxgps.o(.data)
    UWB_X                                    0x20000168   Data           2  drv_uwbdt.o(.data)
    UWB_Y                                    0x2000016a   Data           2  drv_uwbdt.o(.data)
    UWB_X1                                   0x2000016c   Data           1  drv_uwbdt.o(.data)
    UWB_X2                                   0x2000016d   Data           1  drv_uwbdt.o(.data)
    UWB_Y1                                   0x2000016e   Data           1  drv_uwbdt.o(.data)
    UWB_Y2                                   0x2000016f   Data           1  drv_uwbdt.o(.data)
    UWB_DT_RX                                0x20000170   Data           7  drv_uwbdt.o(.data)
    Position_X                               0x20000178   Data           2  drv_pid.o(.data)
    Position_Y                               0x2000017a   Data           2  drv_pid.o(.data)
    Position_Z                               0x2000017c   Data           2  drv_pid.o(.data)
    Position_XX                              0x2000017e   Data          26  drv_pid.o(.data)
    Position_YY                              0x20000198   Data          26  drv_pid.o(.data)
    Position_AG                              0x200001b2   Data           2  drv_pid.o(.data)
    KeyBoard_DT_RX                           0x20000208   Data           4  drv_keyboard.o(.data)
    Motor_DT_TX                              0x2000020d   Data           4  drv_motor.o(.data)
    AdcTemp                                  0x20000220   Data           4  drv_adc.o(.data)
    led                                      0x20000224   Data           4  drv_led.o(.data)
    U1TxInCnt                                0x2000023c   Data           1  drv_uart.o(.data)
    U1TxOutCnt                               0x2000023d   Data           1  drv_uart.o(.data)
    U2TxInCnt                                0x2000023e   Data           1  drv_uart.o(.data)
    U2TxOutCnt                               0x2000023f   Data           1  drv_uart.o(.data)
    U3TxInCnt                                0x20000240   Data           1  drv_uart.o(.data)
    U3TxOutCnt                               0x20000241   Data           1  drv_uart.o(.data)
    U4TxInCnt                                0x20000242   Data           1  drv_uart.o(.data)
    U4TxOutCnt                               0x20000243   Data           1  drv_uart.o(.data)
    U5TxInCnt                                0x20000244   Data           1  drv_uart.o(.data)
    U5TxOutCnt                               0x20000245   Data           1  drv_uart.o(.data)
    send_buffer                              0x2000066c   Data          50  ano_dt_lx.o(.bss)
    dt                                       0x200006a0   Data        1564  ano_dt_lx.o(.bss)
    rt_tar                                   0x20000dbc   Data          14  ano_lx.o(.bss)
    pwm_to_esc                               0x20000dca   Data          16  ano_lx.o(.bss)
    fc_att_qua                               0x20000dda   Data           9  ano_lx.o(.bss)
    ext_sens                                 0x20000df4   Data          48  lx_fc_ext_sensor.o(.bss)
    fc_sta                                   0x20000e24   Data          11  lx_fc_state.o(.bss)
    rc_in                                    0x20000e30   Data          82  drv_bsp.o(.bss)
    ano_of                                   0x20000e9c   Data          60  drv_anoof.o(.bss)
    ubx                                      0x20000f18   Data         100  drv_ubloxgps.o(.bss)
    U1TxDataTemp                             0x20000f7c   Data         256  drv_uart.o(.bss)
    U2TxDataTemp                             0x2000107c   Data         256  drv_uart.o(.bss)
    U3TxDataTemp                             0x2000117c   Data         256  drv_uart.o(.bss)
    U4TxDataTemp                             0x2000127c   Data         256  drv_uart.o(.bss)
    U5TxDataTemp                             0x2000137c   Data         256  drv_uart.o(.bss)
    __initial_sp                             0x20001e80   Data           0  startup_tm4c123.o(STACK)



==============================================================================

Memory Map of the image

  Image Entry point : 0x00000281

  Load Region LR_1 (Base: 0x00000000, Size: 0x00005508, Max: 0xffffffff, ABSOLUTE, COMPRESSED[0x00004f78])

    Execution Region ER_RO (Exec base: 0x00000000, Load base: 0x00000000, Size: 0x00004e9c, Max: 0xffffffff, ABSOLUTE)

    Exec Addr    Load Addr    Size         Type   Attr      Idx    E Section Name        Object

    0x00000000   0x00000000   0x0000026c   Data   RO         1721    RESET               startup_tm4c123.o
    0x0000026c   0x0000026c   0x00000000   Code   RO         5266  * .ARM.Collect$$$$00000000  mc_w.l(entry.o)
    0x0000026c   0x0000026c   0x00000004   Code   RO         5285    .ARM.Collect$$$$00000001  mc_w.l(entry2.o)
    0x00000270   0x00000270   0x00000004   Code   RO         5288    .ARM.Collect$$$$00000004  mc_w.l(entry5.o)
    0x00000274   0x00000274   0x00000000   Code   RO         5290    .ARM.Collect$$$$00000008  mc_w.l(entry7b.o)
    0x00000274   0x00000274   0x00000000   Code   RO         5292    .ARM.Collect$$$$0000000A  mc_w.l(entry8b.o)
    0x00000274   0x00000274   0x00000008   Code   RO         5293    .ARM.Collect$$$$0000000B  mc_w.l(entry9a.o)
    0x0000027c   0x0000027c   0x00000000   Code   RO         5295    .ARM.Collect$$$$0000000D  mc_w.l(entry10a.o)
    0x0000027c   0x0000027c   0x00000000   Code   RO         5297    .ARM.Collect$$$$0000000F  mc_w.l(entry11a.o)
    0x0000027c   0x0000027c   0x00000004   Code   RO         5286    .ARM.Collect$$$$00002712  mc_w.l(entry2.o)
    0x00000280   0x00000280   0x000000fc   Code   RO         1722  * .text               startup_tm4c123.o
    0x0000037c   0x0000037c   0x000000e4   Code   RO         5271    .text               mf_w.l(dmul.o)
    0x00000460   0x00000460   0x000000de   Code   RO         5273    .text               mf_w.l(ddiv.o)
    0x0000053e   0x0000053e   0x0000001a   Code   RO         5277    .text               mf_w.l(dfltui.o)
    0x00000558   0x00000558   0x00000038   Code   RO         5283    .text               mf_w.l(d2f.o)
    0x00000590   0x00000590   0x0000001e   Code   RO         5299    .text               mc_w.l(llshl.o)
    0x000005ae   0x000005ae   0x00000000   Code   RO         5303    .text               mc_w.l(iusefp.o)
    0x000005ae   0x000005ae   0x0000006e   Code   RO         5304    .text               mf_w.l(fepilogue.o)
    0x0000061c   0x0000061c   0x000000ba   Code   RO         5306    .text               mf_w.l(depilogue.o)
    0x000006d6   0x000006d6   0x00000002   PAD
    0x000006d8   0x000006d8   0x00000024   Code   RO         5308    .text               mc_w.l(init.o)
    0x000006fc   0x000006fc   0x00000020   Code   RO         5310    .text               mc_w.l(llushr.o)
    0x0000071c   0x0000071c   0x00000056   Code   RO         5320    .text               mc_w.l(__dczerorl2.o)
    0x00000772   0x00000772   0x00000002   PAD
    0x00000774   0x00000774   0x0000002c   Code   RO         1255    i.ADC0Handler       drv_adc.o
    0x000007a0   0x000007a0   0x00000068   Code   RO         1814    i.ADCIntRegister    driverlib.lib(adc.o)
    0x00000808   0x00000808   0x000000d4   Code   RO          276    i.ANO_DT_Init       ano_dt_lx.o
    0x000008dc   0x000008dc   0x00000204   Code   RO          277    i.ANO_DT_LX_Data_Receive_Anl  ano_dt_lx.o
    0x00000ae0   0x00000ae0   0x00000118   Code   RO          278    i.ANO_DT_LX_Data_Receive_Prepare  ano_dt_lx.o
    0x00000bf8   0x00000bf8   0x00000010   Code   RO          279    i.ANO_DT_LX_Send_Data  ano_dt_lx.o
    0x00000c08   0x00000c08   0x00000050   Code   RO          280    i.ANO_LX_Data_Exchange_Task  ano_dt_lx.o
    0x00000c58   0x00000c58   0x0000009c   Code   RO          440    i.ANO_LX_Task       ano_lx.o
    0x00000cf4   0x00000cf4   0x000001f0   Code   RO          281    i.Add_Send_Data     ano_dt_lx.o
    0x00000ee4   0x00000ee4   0x0000006c   Code   RO          719    i.All_Init          drv_bsp.o
    0x00000f50   0x00000f50   0x00000170   Code   RO         1050    i.AnglePID          drv_pid.o
    0x000010c0   0x000010c0   0x000000c0   Code   RO          923    i.AnoOF_Check_State  drv_anoof.o
    0x00001180   0x00001180   0x0000017c   Code   RO          924    i.AnoOF_DataAnl     drv_anoof.o
    0x000012fc   0x000012fc   0x0000010c   Code   RO          925    i.AnoOF_GetOneByte  drv_anoof.o
    0x00001408   0x00001408   0x00000024   Code   RO          441    i.Bat_Voltage_Data_Handle  ano_lx.o
    0x0000142c   0x0000142c   0x00000010   Code   RO          282    i.CK_Back           ano_dt_lx.o
    0x0000143c   0x0000143c   0x00000068   Code   RO          283    i.CK_Back_Check     ano_dt_lx.o
    0x000014a4   0x000014a4   0x0000001c   Code   RO          284    i.CMD_Send          ano_dt_lx.o
    0x000014c0   0x000014c0   0x00000090   Code   RO          285    i.Check_To_Send     ano_dt_lx.o
    0x00001550   0x00001550   0x000000b8   Code   RO         1256    i.DrvAdcInit        drv_adc.o
    0x00001608   0x00001608   0x000000b4   Code   RO         1311    i.DrvLedOnOff       drv_led.o
    0x000016bc   0x000016bc   0x000000ec   Code   RO         1354    i.DrvMotorPWMSet    drv_pwmout.o
    0x000017a8   0x000017a8   0x00000064   Code   RO          720    i.DrvPpmGetOneCh    drv_bsp.o
    0x0000180c   0x0000180c   0x000002d8   Code   RO         1355    i.DrvPwmOutInit     drv_pwmout.o
    0x00001ae4   0x00001ae4   0x00000018   Code   RO          721    i.DrvRcInputInit    drv_bsp.o
    0x00001afc   0x00001afc   0x000000f8   Code   RO          722    i.DrvRcInputTask    drv_bsp.o
    0x00001bf4   0x00001bf4   0x000000d4   Code   RO         1398    i.DrvRcPpmInit      drv_rcin.o
    0x00001cc8   0x00001cc8   0x000000b8   Code   RO         1399    i.DrvRcSbusInit     drv_rcin.o
    0x00001d80   0x00001d80   0x00000248   Code   RO          723    i.DrvSbusGetOneByte  drv_bsp.o
    0x00001fc8   0x00001fc8   0x00000050   Code   RO         1195    i.DrvSysInit        drv_sys.o
    0x00002018   0x00002018   0x0000007c   Code   RO         1689    i.DrvTimerFcInit    drv_timer.o
    0x00002094   0x00002094   0x000000d0   Code   RO         1445    i.DrvUart1Init      drv_uart.o
    0x00002164   0x00002164   0x00000034   Code   RO         1446    i.DrvUart1SendBuf   drv_uart.o
    0x00002198   0x00002198   0x00000044   Code   RO         1447    i.DrvUart1TxCheck   drv_uart.o
    0x000021dc   0x000021dc   0x000000d8   Code   RO         1448    i.DrvUart2Init      drv_uart.o
    0x000022b4   0x000022b4   0x00000044   Code   RO         1450    i.DrvUart2TxCheck   drv_uart.o
    0x000022f8   0x000022f8   0x000000d8   Code   RO         1451    i.DrvUart3Init      drv_uart.o
    0x000023d0   0x000023d0   0x00000044   Code   RO         1453    i.DrvUart3TxCheck   drv_uart.o
    0x00002414   0x00002414   0x000000d8   Code   RO         1454    i.DrvUart4Init      drv_uart.o
    0x000024ec   0x000024ec   0x00000044   Code   RO         1456    i.DrvUart4TxCheck   drv_uart.o
    0x00002530   0x00002530   0x000000f4   Code   RO         1457    i.DrvUart5Init      drv_uart.o
    0x00002624   0x00002624   0x00000034   Code   RO         1458    i.DrvUart5SendBuf   drv_uart.o
    0x00002658   0x00002658   0x00000044   Code   RO         1459    i.DrvUart5TxCheck   drv_uart.o
    0x0000269c   0x0000269c   0x00000018   Code   RO         1460    i.DrvUartDataCheck  drv_uart.o
    0x000026b4   0x000026b4   0x00000070   Code   RO         1257    i.Drv_AdcGetBatVot  drv_adc.o
    0x00002724   0x00002724   0x00000084   Code   RO         1312    i.DvrLedInit        drv_led.o
    0x000027a8   0x000027a8   0x0000017c   Code   RO          442    i.ESC_Output        ano_lx.o
    0x00002924   0x00002924   0x00000040   Code   RO          569    i.FC_Lock           lx_fc_fun.o
    0x00002964   0x00002964   0x00000040   Code   RO          570    i.FC_Unlock         lx_fc_fun.o
    0x000029a4   0x000029a4   0x000000c8   Code   RO          286    i.Frame_Send        ano_dt_lx.o
    0x00002a6c   0x00002a6c   0x0000014c   Code   RO          965    i.GPS_Data_Prepare_Task  drv_ubloxgps.o
    0x00002bb8   0x00002bb8   0x0000002c   Code   RO          516    i.General_Position_Data_Handle  lx_fc_ext_sensor.o
    0x00002be4   0x00002be4   0x00000090   Code   RO          517    i.General_Velocity_Data_Handle  lx_fc_ext_sensor.o
    0x00002c74   0x00002c74   0x0000000c   Code   RO         1196    i.GetSysRunTimeMs   drv_sys.o
    0x00002c80   0x00002c80   0x00000034   Code   RO         1197    i.GetSysRunTimeUs   drv_sys.o
    0x00002cb4   0x00002cb4   0x00000038   Code   RO          572    i.Horizontal_Calibrate  lx_fc_fun.o
    0x00002cec   0x00002cec   0x00000064   Code   RO         4015    i.IntEnable         driverlib.lib(interrupt.o)
    0x00002d50   0x00002d50   0x00000034   Code   RO         4027    i.IntRegister       driverlib.lib(interrupt.o)
    0x00002d84   0x00002d84   0x0000003c   Code   RO         1098    i.KeyBoard_DT       drv_keyboard.o
    0x00002dc0   0x00002dc0   0x00000084   Code   RO         1099    i.KeyBoard_DT_Receive  drv_keyboard.o
    0x00002e44   0x00002e44   0x00000058   Code   RO         1313    i.LED_1ms_DRV       drv_led.o
    0x00002e9c   0x00002e9c   0x000000a4   Code   RO          677    i.LX_Cali_Trig_Check  lx_fc_state.o
    0x00002f40   0x00002f40   0x0000005c   Code   RO          574    i.LX_Change_Mode    lx_fc_fun.o
    0x00002f9c   0x00002f9c   0x00000070   Code   RO          518    i.LX_FC_EXT_Sensor_Task  lx_fc_ext_sensor.o
    0x0000300c   0x0000300c   0x00000020   Code   RO          678    i.LX_FC_State_Task  lx_fc_state.o
    0x0000302c   0x0000302c   0x000001d0   Code   RO          679    i.LX_Unlock_Lock_Check  lx_fc_state.o
    0x000031fc   0x000031fc   0x0000002c   Code   RO         1135    i.Laser_Init        drv_laser.o
    0x00003228   0x00003228   0x00000030   Code   RO         1136    i.Laser_OnOff       drv_laser.o
    0x00003258   0x00003258   0x00000002   Code   RO          102    i.Loop_1000Hz       ano_scheduler.o
    0x0000325a   0x0000325a   0x00000002   Code   RO          103    i.Loop_100Hz        ano_scheduler.o
    0x0000325c   0x0000325c   0x00000002   Code   RO          104    i.Loop_200Hz        ano_scheduler.o
    0x0000325e   0x0000325e   0x00000002   Code   RO          105    i.Loop_20Hz         ano_scheduler.o
    0x00003260   0x00003260   0x00000002   Code   RO          106    i.Loop_2Hz          ano_scheduler.o
    0x00003262   0x00003262   0x00000002   Code   RO          107    i.Loop_500Hz        ano_scheduler.o
    0x00003264   0x00003264   0x00000008   Code   RO          108    i.Loop_50Hz         ano_scheduler.o
    0x0000326c   0x0000326c   0x00000038   Code   RO          575    i.Mag_Calibrate     lx_fc_fun.o
    0x000032a4   0x000032a4   0x00000070   Code   RO          169    i.Mode_Chosen       user_task.o
    0x00003314   0x00003314   0x00000024   Code   RO         1165    i.Motor_DT_Transmit  drv_motor.o
    0x00003338   0x00003338   0x00000024   Code   RO         1198    i.MyDelayMs         drv_sys.o
    0x0000335c   0x0000335c   0x00000002   Code   RO         1461    i.NoUse             drv_uart.o
    0x0000335e   0x0000335e   0x00000002   PAD
    0x00003360   0x00003360   0x00000038   Code   RO          576    i.OneKey_Land       lx_fc_fun.o
    0x00003398   0x00003398   0x00000038   Code   RO          577    i.OneKey_Return_Home  lx_fc_fun.o
    0x000033d0   0x000033d0   0x00000048   Code   RO          578    i.OneKey_Takeoff    lx_fc_fun.o
    0x00003418   0x00003418   0x00000014   Code   RO          287    i.PAR_Back          ano_dt_lx.o
    0x0000342c   0x0000342c   0x00000084   Code   RO         1400    i.PPM_Decode        drv_rcin.o
    0x000034b0   0x000034b0   0x0000046c   Code   RO         1051    i.PositionPID       drv_pid.o
    0x0000391c   0x0000391c   0x00000298   Code   RO          443    i.RC_Data_Task      ano_lx.o
    0x00003bb4   0x00003bb4   0x00000050   Code   RO         1401    i.Sbus_IRQHandler   drv_rcin.o
    0x00003c04   0x00003c04   0x00000050   Code   RO          109    i.Scheduler_Run     ano_scheduler.o
    0x00003c54   0x00003c54   0x00000050   Code   RO          110    i.Scheduler_Setup   ano_scheduler.o
    0x00003ca4   0x00003ca4   0x00000154   Code   RO         2078    i.SysCtlClockGet    driverlib.lib(sysctl.o)
    0x00003df8   0x00003df8   0x00000018   Code   RO         1199    i.SysTick_Handler   drv_sys.o
    0x00003e10   0x00003e10   0x00000036   Code   RO         1200    i.SysTick_Init      drv_sys.o
    0x00003e46   0x00003e46   0x00000002   PAD
    0x00003e48   0x00003e48   0x00000098   Code   RO         1730    i.SystemInit        system_tm4c123.o
    0x00003ee0   0x00003ee0   0x00000014   Code   RO         1690    i.Timer0Irq         drv_timer.o
    0x00003ef4   0x00003ef4   0x00000004   Code   RO         2443    i.TimerIntClear     driverlib.lib(timer.o)
    0x00003ef8   0x00003ef8   0x00000068   Code   RO         2446    i.TimerIntRegister  driverlib.lib(timer.o)
    0x00003f60   0x00003f60   0x00000058   Code   RO         1462    i.UART1_IRQHandler  drv_uart.o
    0x00003fb8   0x00003fb8   0x00000058   Code   RO         1463    i.UART2_IRQHandler  drv_uart.o
    0x00004010   0x00004010   0x00000058   Code   RO         1464    i.UART3_IRQHandler  drv_uart.o
    0x00004068   0x00004068   0x00000058   Code   RO         1465    i.UART4_IRQHandler  drv_uart.o
    0x000040c0   0x000040c0   0x00000058   Code   RO         1466    i.UART5_IRQHandler  drv_uart.o
    0x00004118   0x00004118   0x00000058   Code   RO         2701    i.UARTIntRegister   driverlib.lib(uart.o)
    0x00004170   0x00004170   0x00000084   Code   RO         1017    i.UWB_DT            drv_uwbdt.o
    0x000041f4   0x000041f4   0x000000cc   Code   RO         1018    i.UWB_DT_Receive    drv_uwbdt.o
    0x000042c0   0x000042c0   0x00000604   Code   RO          170    i.UserTask_OneKeyCmd  user_task.o
    0x000048c4   0x000048c4   0x0000000e   Code   RO         5314    i.__scatterload_copy  mc_w.l(handlers.o)
    0x000048d2   0x000048d2   0x00000002   Code   RO         5315    i.__scatterload_null  mc_w.l(handlers.o)
    0x000048d4   0x000048d4   0x0000000e   Code   RO         5316    i.__scatterload_zeroinit  mc_w.l(handlers.o)
    0x000048e2   0x000048e2   0x00000002   PAD
    0x000048e4   0x000048e4   0x00000018   Code   RO         1258    i.drvAdcTrigger     drv_adc.o
    0x000048fc   0x000048fc   0x00000010   Code   RO            4    i.main              main.o
    0x0000490c   0x0000490c   0x00000036   Code   RO          794    i.my_deadzone       ano_math.o
    0x00004942   0x00004942   0x00000002   PAD
    0x00004944   0x00004944   0x000000b8   Code   RO          724    i.rcSignalCheck     drv_bsp.o
    0x000049fc   0x000049fc   0x00000254   Data   RO         2131    .constdata          driverlib.lib(sysctl.o)
    0x00004c50   0x00004c50   0x000000a0   Data   RO         2467    .constdata          driverlib.lib(timer.o)
    0x00004cf0   0x00004cf0   0x00000080   Data   RO         2718    .constdata          driverlib.lib(uart.o)
    0x00004d70   0x00004d70   0x0000010c   Data   RO         4031    .constdata          driverlib.lib(interrupt.o)
    0x00004e7c   0x00004e7c   0x00000020   Data   RO         5312    Region$$Table       anon$$obj.o


    Execution Region ER_RW (Exec base: 0x20000000, Load base: 0x00004e9c, Size: 0x0000066c, Max: 0xffffffff, ABSOLUTE, COMPRESSED[0x000000dc])

    Exec Addr    Load Addr    Size         Type   Attr      Idx    E Section Name        Object

    0x20000000   COMPRESSED   0x00000054   Data   RW          111    .data               ano_scheduler.o
    0x20000054   COMPRESSED   0x0000000e   Data   RW          171    .data               user_task.o
    0x20000062   COMPRESSED   0x00000006   Data   RW          289    .data               ano_dt_lx.o
    0x20000068   COMPRESSED   0x0000001e   Data   RW          445    .data               ano_lx.o
    0x20000086   COMPRESSED   0x0000000c   Data   RW          520    .data               lx_fc_ext_sensor.o
    0x20000092   COMPRESSED   0x00000001   Data   RW          583    .data               lx_fc_fun.o
    0x20000093   COMPRESSED   0x00000001   PAD
    0x20000094   COMPRESSED   0x00000006   Data   RW          681    .data               lx_fc_state.o
    0x2000009a   COMPRESSED   0x00000002   PAD
    0x2000009c   COMPRESSED   0x00000013   Data   RW          726    .data               drv_bsp.o
    0x200000af   COMPRESSED   0x00000003   Data   RW          927    .data               drv_anoof.o
    0x200000b2   COMPRESSED   0x000000b6   Data   RW          971    .data               drv_ubloxgps.o
    0x20000168   COMPRESSED   0x00000010   Data   RW         1019    .data               drv_uwbdt.o
    0x20000178   COMPRESSED   0x00000090   Data   RW         1052    .data               drv_pid.o
    0x20000208   COMPRESSED   0x00000005   Data   RW         1100    .data               drv_keyboard.o
    0x2000020d   COMPRESSED   0x00000004   Data   RW         1166    .data               drv_motor.o
    0x20000211   COMPRESSED   0x00000007   PAD
    0x20000218   COMPRESSED   0x00000008   Data   RW         1201    .data               drv_sys.o
    0x20000220   COMPRESSED   0x00000004   Data   RW         1259    .data               drv_adc.o
    0x20000224   COMPRESSED   0x0000000c   Data   RW         1314    .data               drv_led.o
    0x20000230   COMPRESSED   0x0000000c   Data   RW         1402    .data               drv_rcin.o
    0x2000023c   COMPRESSED   0x0000000a   Data   RW         1468    .data               drv_uart.o
    0x20000246   COMPRESSED   0x000001ba   PAD
    0x20000400   COMPRESSED   0x0000026c   Data   RW         4032    vtable              driverlib.lib(interrupt.o)


    Execution Region ER_ZI (Exec base: 0x2000066c, Load base: 0x00004f78, Size: 0x00001814, Max: 0xffffffff, ABSOLUTE)

    Exec Addr    Load Addr    Size         Type   Attr      Idx    E Section Name        Object

    0x2000066c        -       0x00000750   Zero   RW          288    .bss                ano_dt_lx.o
    0x20000dbc        -       0x00000038   Zero   RW          444    .bss                ano_lx.o
    0x20000df4        -       0x00000030   Zero   RW          519    .bss                lx_fc_ext_sensor.o
    0x20000e24        -       0x0000000b   Zero   RW          680    .bss                lx_fc_state.o
    0x20000e2f   0x00004f78   0x00000001   PAD
    0x20000e30        -       0x0000006b   Zero   RW          725    .bss                drv_bsp.o
    0x20000e9b   0x00004f78   0x00000001   PAD
    0x20000e9c        -       0x0000007c   Zero   RW          926    .bss                drv_anoof.o
    0x20000f18        -       0x00000064   Zero   RW          970    .bss                drv_ubloxgps.o
    0x20000f7c        -       0x00000500   Zero   RW         1467    .bss                drv_uart.o
    0x2000147c   0x00004f78   0x00000004   PAD
    0x20001480        -       0x00000a00   Zero   RW         1719    STACK               startup_tm4c123.o


==============================================================================

Image component sizes


      Code (inc. data)   RO Data    RW Data    ZI Data      Debug   Object Name

      2112        138          0          6       1872      37376   ano_dt_lx.o
      1236        106          0         30         56       6538   ano_lx.o
        54          0          0          0          0        698   ano_math.o
       180          8          0         84          0       4978   ano_scheduler.o
       364         64          0          4          0       2546   drv_adc.o
       840         44          0          3        124       3848   drv_anoof.o
      1248         74          0         19        107       5530   drv_bsp.o
       192         28          0          5          0       1873   drv_keyboard.o
        92         14          0          0          0       1083   drv_laser.o
       400         32          0         12          0       2583   drv_led.o
        36          4          0          4          0       1282   drv_motor.o
      1500        180          0        144          0       3628   drv_pid.o
       964         76          0          0          0       2005   drv_pwmout.o
       608         80          0         12          0       2367   drv_rcin.o
       258         34          0          8          0      33805   drv_sys.o
       144         18          0          0          0       1121   drv_timer.o
      2010        268          0         10       1280      13635   drv_uart.o
       332         26          0        182        100       3118   drv_ubloxgps.o
       336         50          0         16          0       2118   drv_uwbdt.o
       300         56          0         12         48       4057   lx_fc_ext_sensor.o
       516         58          0          1          0       4778   lx_fc_fun.o
       660         46          0          6         11       2881   lx_fc_state.o
        16          0          0          0          0       5455   main.o
       252         10        620          0       2560       5472   startup_tm4c123.o
       152         40          0          0          0        649   system_tm4c123.o
      1652        108          0         14          0       5781   user_task.o

    ----------------------------------------------------------------------
     16460       1562        652       1024       6164     159205   Object Totals
         0          0         32          0          0          0   (incl. Generated)
         6          0          0        452          6          0   (incl. Padding)

    ----------------------------------------------------------------------

      Code (inc. data)   RO Data    RW Data    ZI Data      Debug   Library Member Name

       104         12          0          0          0       4777   adc.o
       152         16        268        620          0       2150   interrupt.o
       340         36        596          0          0       2653   sysctl.o
       108         16        160          0          0       2255   timer.o
        88         18        128          0          0       1795   uart.o
        86          0          0          0          0          0   __dczerorl2.o
         0          0          0          0          0          0   entry.o
         0          0          0          0          0          0   entry10a.o
         0          0          0          0          0          0   entry11a.o
         8          4          0          0          0          0   entry2.o
         4          0          0          0          0          0   entry5.o
         0          0          0          0          0          0   entry7b.o
         0          0          0          0          0          0   entry8b.o
         8          4          0          0          0          0   entry9a.o
        30          0          0          0          0          0   handlers.o
        36          8          0          0          0         68   init.o
         0          0          0          0          0          0   iusefp.o
        30          0          0          0          0         68   llshl.o
        32          0          0          0          0         68   llushr.o
        56          0          0          0          0         88   d2f.o
       222          0          0          0          0        100   ddiv.o
       186          0          0          0          0        176   depilogue.o
        26          0          0          0          0         76   dfltui.o
       228          0          0          0          0         96   dmul.o
       110          0          0          0          0        168   fepilogue.o

    ----------------------------------------------------------------------
      1860        114       1152        620          0      14538   Library Totals
         6          0          0          0          0          0   (incl. Padding)

    ----------------------------------------------------------------------

      Code (inc. data)   RO Data    RW Data    ZI Data      Debug   Library Name

       792         98       1152        620          0      13630   driverlib.lib
       234         16          0          0          0        204   mc_w.l
       828          0          0          0          0        704   mf_w.l

    ----------------------------------------------------------------------
      1860        114       1152        620          0      14538   Library Totals

    ----------------------------------------------------------------------

==============================================================================


      Code (inc. data)   RO Data    RW Data    ZI Data      Debug   

     18320       1676       1804       1644       6164     163763   Grand Totals
     18320       1676       1804        220       6164     163763   ELF Image Totals (compressed)
     18320       1676       1804        220          0          0   ROM Totals

==============================================================================

    Total RO  Size (Code + RO Data)                20124 (  19.65kB)
    Total RW  Size (RW Data + ZI Data)              7808 (   7.63kB)
    Total ROM Size (Code + RO Data + RW Data)      20344 (  19.87kB)

==============================================================================

